Archive member included to satisfy reference by file (symbol)

c:/st/stm32cubeide_1.8.0/stm32cubeide/plugins/com.st.stm32cube.ide.mcu.externaltools.gnu-tools-for-stm32.9-2020-q2-update.win32_2.0.0.202105311346/tools/bin/../lib/gcc/arm-none-eabi/9.3.1/../../../../arm-none-eabi/lib/thumb/v7e-m+fp/hard\libc_nano.a(lib_a-errno.o)
                              ./Core/Src/syscalls.o (__errno)
c:/st/stm32cubeide_1.8.0/stm32cubeide/plugins/com.st.stm32cube.ide.mcu.externaltools.gnu-tools-for-stm32.9-2020-q2-update.win32_2.0.0.202105311346/tools/bin/../lib/gcc/arm-none-eabi/9.3.1/../../../../arm-none-eabi/lib/thumb/v7e-m+fp/hard\libc_nano.a(lib_a-exit.o)
                              c:/st/stm32cubeide_1.8.0/stm32cubeide/plugins/com.st.stm32cube.ide.mcu.externaltools.gnu-tools-for-stm32.9-2020-q2-update.win32_2.0.0.202105311346/tools/bin/../lib/gcc/arm-none-eabi/9.3.1/../../../../arm-none-eabi/lib/thumb/v7e-m+fp/hard/crt0.o (exit)
c:/st/stm32cubeide_1.8.0/stm32cubeide/plugins/com.st.stm32cube.ide.mcu.externaltools.gnu-tools-for-stm32.9-2020-q2-update.win32_2.0.0.202105311346/tools/bin/../lib/gcc/arm-none-eabi/9.3.1/../../../../arm-none-eabi/lib/thumb/v7e-m+fp/hard\libc_nano.a(lib_a-impure.o)
                              c:/st/stm32cubeide_1.8.0/stm32cubeide/plugins/com.st.stm32cube.ide.mcu.externaltools.gnu-tools-for-stm32.9-2020-q2-update.win32_2.0.0.202105311346/tools/bin/../lib/gcc/arm-none-eabi/9.3.1/../../../../arm-none-eabi/lib/thumb/v7e-m+fp/hard\libc_nano.a(lib_a-exit.o) (_global_impure_ptr)
c:/st/stm32cubeide_1.8.0/stm32cubeide/plugins/com.st.stm32cube.ide.mcu.externaltools.gnu-tools-for-stm32.9-2020-q2-update.win32_2.0.0.202105311346/tools/bin/../lib/gcc/arm-none-eabi/9.3.1/../../../../arm-none-eabi/lib/thumb/v7e-m+fp/hard\libc_nano.a(lib_a-init.o)
                              c:/st/stm32cubeide_1.8.0/stm32cubeide/plugins/com.st.stm32cube.ide.mcu.externaltools.gnu-tools-for-stm32.9-2020-q2-update.win32_2.0.0.202105311346/tools/bin/../lib/gcc/arm-none-eabi/9.3.1/../../../../arm-none-eabi/lib/thumb/v7e-m+fp/hard/crt0.o (__libc_init_array)
c:/st/stm32cubeide_1.8.0/stm32cubeide/plugins/com.st.stm32cube.ide.mcu.externaltools.gnu-tools-for-stm32.9-2020-q2-update.win32_2.0.0.202105311346/tools/bin/../lib/gcc/arm-none-eabi/9.3.1/../../../../arm-none-eabi/lib/thumb/v7e-m+fp/hard\libc_nano.a(lib_a-memcpy-stub.o)
                              ./common/ThirdParty/FreeRTOS/queue.o (memcpy)
c:/st/stm32cubeide_1.8.0/stm32cubeide/plugins/com.st.stm32cube.ide.mcu.externaltools.gnu-tools-for-stm32.9-2020-q2-update.win32_2.0.0.202105311346/tools/bin/../lib/gcc/arm-none-eabi/9.3.1/../../../../arm-none-eabi/lib/thumb/v7e-m+fp/hard\libc_nano.a(lib_a-memset.o)
                              c:/st/stm32cubeide_1.8.0/stm32cubeide/plugins/com.st.stm32cube.ide.mcu.externaltools.gnu-tools-for-stm32.9-2020-q2-update.win32_2.0.0.202105311346/tools/bin/../lib/gcc/arm-none-eabi/9.3.1/../../../../arm-none-eabi/lib/thumb/v7e-m+fp/hard/crt0.o (memset)
c:/st/stm32cubeide_1.8.0/stm32cubeide/plugins/com.st.stm32cube.ide.mcu.externaltools.gnu-tools-for-stm32.9-2020-q2-update.win32_2.0.0.202105311346/tools/bin/../lib/gcc/arm-none-eabi/9.3.1/../../../../arm-none-eabi/lib/thumb/v7e-m+fp/hard\libc_nano.a(lib_a-printf.o)
                              ./Core/Src/rtc.o (printf)
c:/st/stm32cubeide_1.8.0/stm32cubeide/plugins/com.st.stm32cube.ide.mcu.externaltools.gnu-tools-for-stm32.9-2020-q2-update.win32_2.0.0.202105311346/tools/bin/../lib/gcc/arm-none-eabi/9.3.1/../../../../arm-none-eabi/lib/thumb/v7e-m+fp/hard\libc_nano.a(lib_a-sprintf.o)
                              ./Core/Src/rtc.o (sprintf)
c:/st/stm32cubeide_1.8.0/stm32cubeide/plugins/com.st.stm32cube.ide.mcu.externaltools.gnu-tools-for-stm32.9-2020-q2-update.win32_2.0.0.202105311346/tools/bin/../lib/gcc/arm-none-eabi/9.3.1/../../../../arm-none-eabi/lib/thumb/v7e-m+fp/hard\libc_nano.a(lib_a-strcmp.o)
                              ./Core/Src/task_handler.o (strcmp)
c:/st/stm32cubeide_1.8.0/stm32cubeide/plugins/com.st.stm32cube.ide.mcu.externaltools.gnu-tools-for-stm32.9-2020-q2-update.win32_2.0.0.202105311346/tools/bin/../lib/gcc/arm-none-eabi/9.3.1/../../../../arm-none-eabi/lib/thumb/v7e-m+fp/hard\libc_nano.a(lib_a-strlen.o)
                              ./Core/Src/task_handler.o (strlen)
c:/st/stm32cubeide_1.8.0/stm32cubeide/plugins/com.st.stm32cube.ide.mcu.externaltools.gnu-tools-for-stm32.9-2020-q2-update.win32_2.0.0.202105311346/tools/bin/../lib/gcc/arm-none-eabi/9.3.1/../../../../arm-none-eabi/lib/thumb/v7e-m+fp/hard\libc_nano.a(lib_a-findfp.o)
                              c:/st/stm32cubeide_1.8.0/stm32cubeide/plugins/com.st.stm32cube.ide.mcu.externaltools.gnu-tools-for-stm32.9-2020-q2-update.win32_2.0.0.202105311346/tools/bin/../lib/gcc/arm-none-eabi/9.3.1/../../../../arm-none-eabi/lib/thumb/v7e-m+fp/hard\libc_nano.a(lib_a-printf.o) (__sinit)
[...]
Memory Configuration

Name             Origin             Length             Attributes
RAM              0x0000000020000000 0x0000000000020000 xrw
FLASH            0x0000000008000000 0x0000000000080000 xr
*default*        0x0000000000000000 0xffffffffffffffff

Linker script and memory map

LOAD c:/st/stm32cubeide_1.8.0/stm32cubeide/plugins/com.st.stm32cube.ide.mcu.externaltools.gnu-tools-for-stm32.9-2020-q2-update.win32_2.0.0.202105311346/tools/bin/../lib/gcc/arm-none-eabi/9.3.1/thumb/v7e-m+fp/hard/crti.o
LOAD c:/st/stm32cubeide_1.8.0/stm32cubeide/plugins/com.st.stm32cube.ide.mcu.externaltools.gnu-tools-for-stm32.9-2020-q2-update.win32_2.0.0.202105311346/tools/bin/../lib/gcc/arm-none-eabi/9.3.1/thumb/v7e-m+fp/hard/crtbegin.o
LOAD c:/st/stm32cubeide_1.8.0/stm32cubeide/plugins/com.st.stm32cube.ide.mcu.externaltools.gnu-tools-for-stm32.9-2020-q2-update.win32_2.0.0.202105311346/tools/bin/../lib/gcc/arm-none-eabi/9.3.1/../../../../arm-none-eabi/lib/thumb/v7e-m+fp/hard/crt0.o
LOAD ./Core/Src/led_effect.o
LOAD ./Core/Src/main.o
LOAD ./Core/Src/rtc.o
LOAD ./Core/Src/stm32f4xx_hal_msp.o
LOAD ./Core/Src/stm32f4xx_hal_timebase_tim.o
LOAD ./Core/Src/stm32f4xx_it.o
LOAD ./Core/Src/syscalls.o
LOAD ./Core/Src/sysmem.o
LOAD ./Core/Src/system_stm32f4xx.o
LOAD ./Core/Src/task_handler.o
LOAD ./Core/Startup/startup_stm32f446retx.o
LOAD ./Drivers/STM32F4xx_HAL_Driver/Src/stm32f4xx_hal.o
LOAD ./Drivers/STM32F4xx_HAL_Driver/Src/stm32f4xx_hal_cortex.o
LOAD ./Drivers/STM32F4xx_HAL_Driver/Src/stm32f4xx_hal_dma.o
LOAD ./Drivers/STM32F4xx_HAL_Driver/Src/stm32f4xx_hal_dma_ex.o
LOAD ./Drivers/STM32F4xx_HAL_Driver/Src/stm32f4xx_hal_exti.o
LOAD ./Drivers/STM32F4xx_HAL_Driver/Src/stm32f4xx_hal_flash.o
LOAD ./Drivers/STM32F4xx_HAL_Driver/Src/stm32f4xx_hal_flash_ex.o
LOAD ./Drivers/STM32F4xx_HAL_Driver/Src/stm32f4xx_hal_flash_ramfunc.o
LOAD ./Drivers/STM32F4xx_HAL_Driver/Src/stm32f4xx_hal_gpio.o
LOAD ./Drivers/STM32F4xx_HAL_Driver/Src/stm32f4xx_hal_pwr.o
LOAD ./Drivers/STM32F4xx_HAL_Driver/Src/stm32f4xx_hal_pwr_ex.o
LOAD ./Drivers/STM32F4xx_HAL_Driver/Src/stm32f4xx_hal_rcc.o
LOAD ./Drivers/STM32F4xx_HAL_Driver/Src/stm32f4xx_hal_rcc_ex.o
LOAD ./Drivers/STM32F4xx_HAL_Driver/Src/stm32f4xx_hal_rtc.o
LOAD ./Drivers/STM32F4xx_HAL_Driver/Src/stm32f4xx_hal_rtc_ex.o
LOAD ./Drivers/STM32F4xx_HAL_Driver/Src/stm32f4xx_hal_tim.o
LOAD ./Drivers/STM32F4xx_HAL_Driver/Src/stm32f4xx_hal_tim_ex.o
LOAD ./Drivers/STM32F4xx_HAL_Driver/Src/stm32f4xx_hal_uart.o
LOAD ./common/ThirdParty/FreeRTOS/croutine.o
LOAD ./common/ThirdParty/FreeRTOS/event_groups.o
LOAD ./common/ThirdParty/FreeRTOS/list.o
LOAD ./common/ThirdParty/FreeRTOS/queue.o
LOAD ./common/ThirdParty/FreeRTOS/stream_buffer.o
LOAD ./common/ThirdParty/FreeRTOS/tasks.o
LOAD ./common/ThirdParty/FreeRTOS/timers.o
LOAD ./common/ThirdParty/FreeRTOS/portable/GCC/ARM_CM4F/port.o
LOAD ./common/ThirdParty/FreeRTOS/portable/MemMang/heap_4.o
START GROUP
LOAD c:/st/stm32cubeide_1.8.0/stm32cubeide/plugins/com.st.stm32cube.ide.mcu.externaltools.gnu-tools-for-stm32.9-2020-q2-update.win32_2.0.0.202105311346/tools/bin/../lib/gcc/arm-none-eabi/9.3.1/../../../../arm-none-eabi/lib/thumb/v7e-m+fp/hard\libc_nano.a
LOAD c:/st/stm32cubeide_1.8.0/stm32cubeide/plugins/com.st.stm32cube.ide.mcu.externaltools.gnu-tools-for-stm32.9-2020-q2-update.win32_2.0.0.202105311346/tools/bin/../lib/gcc/arm-none-eabi/9.3.1/../../../../arm-none-eabi/lib/thumb/v7e-m+fp/hard\libm.a
END GROUP
START GROUP
LOAD c:/st/stm32cubeide_1.8.0/stm32cubeide/plugins/com.st.stm32cube.ide.mcu.externaltools.gnu-tools-for-stm32.9-2020-q2-update.win32_2.0.0.202105311346/tools/bin/../lib/gcc/arm-none-eabi/9.3.1/thumb/v7e-m+fp/hard\libgcc.a
LOAD c:/st/stm32cubeide_1.8.0/stm32cubeide/plugins/com.st.stm32cube.ide.mcu.externaltools.gnu-tools-for-stm32.9-2020-q2-update.win32_2.0.0.202105311346/tools/bin/../lib/gcc/arm-none-eabi/9.3.1/../../../../arm-none-eabi/lib/thumb/v7e-m+fp/hard\libc_nano.a
END GROUP
START GROUP
LOAD c:/st/stm32cubeide_1.8.0/stm32cubeide/plugins/com.st.stm32cube.ide.mcu.externaltools.gnu-tools-for-stm32.9-2020-q2-update.win32_2.0.0.202105311346/tools/bin/../lib/gcc/arm-none-eabi/9.3.1/thumb/v7e-m+fp/hard\libgcc.a
LOAD c:/st/stm32cubeide_1.8.0/stm32cubeide/plugins/com.st.stm32cube.ide.mcu.externaltools.gnu-tools-for-stm32.9-2020-q2-update.win32_2.0.0.202105311346/tools/bin/../lib/gcc/arm-none-eabi/9.3.1/../../../../arm-none-eabi/lib/thumb/v7e-m+fp/hard\libc_nano.a
LOAD c:/st/stm32cubeide_1.8.0/stm32cubeide/plugins/com.st.stm32cube.ide.mcu.externaltools.gnu-tools-for-stm32.9-2020-q2-update.win32_2.0.0.202105311346/tools/bin/../lib/gcc/arm-none-eabi/9.3.1/../../../../arm-none-eabi/lib/thumb/v7e-m+fp/hard\libnosys.a
END GROUP
START GROUP
LOAD c:/st/stm32cubeide_1.8.0/stm32cubeide/plugins/com.st.stm32cube.ide.mcu.externaltools.gnu-tools-for-stm32.9-2020-q2-update.win32_2.0.0.202105311346/tools/bin/../lib/gcc/arm-none-eabi/9.3.1/thumb/v7e-m+fp/hard\libgcc.a
LOAD c:/st/stm32cubeide_1.8.0/stm32cubeide/plugins/com.st.stm32cube.ide.mcu.externaltools.gnu-tools-for-stm32.9-2020-q2-update.win32_2.0.0.202105311346/tools/bin/../lib/gcc/arm-none-eabi/9.3.1/../../../../arm-none-eabi/lib/thumb/v7e-m+fp/hard\libc_nano.a
LOAD c:/st/stm32cubeide_1.8.0/stm32cubeide/plugins/com.st.stm32cube.ide.mcu.externaltools.gnu-tools-for-stm32.9-2020-q2-update.win32_2.0.0.202105311346/tools/bin/../lib/gcc/arm-none-eabi/9.3.1/../../../../arm-none-eabi/lib/thumb/v7e-m+fp/hard\libnosys.a
END GROUP
LOAD c:/st/stm32cubeide_1.8.0/stm32cubeide/plugins/com.st.stm32cube.ide.mcu.externaltools.gnu-tools-for-stm32.9-2020-q2-update.win32_2.0.0.202105311346/tools/bin/../lib/gcc/arm-none-eabi/9.3.1/thumb/v7e-m+fp/hard/crtend.o
LOAD c:/st/stm32cubeide_1.8.0/stm32cubeide/plugins/com.st.stm32cube.ide.mcu.externaltools.gnu-tools-for-stm32.9-2020-q2-update.win32_2.0.0.202105311346/tools/bin/../lib/gcc/arm-none-eabi/9.3.1/thumb/v7e-m+fp/hard/crtn.o
                0x0000000020020000                _estack = (ORIGIN (RAM) + LENGTH (RAM))
                0x0000000000000200                _Min_Heap_Size = 0x200
                0x0000000000000400                _Min_Stack_Size = 0x400

.isr_vector     0x0000000008000000      0x1c4
                0x0000000008000000                . = ALIGN (0x4)
 *(.isr_vector)
 .isr_vector    0x0000000008000000      0x1c4 ./Core/Startup/startup_stm32f446retx.o
                0x0000000008000000                g_pfnVectors
                0x00000000080001c4                . = ALIGN (0x4)

.text           0x00000000080001d0     0x83a0
                0x00000000080001d0                . = ALIGN (0x4)
 *(.text)
 .text          0x00000000080001d0       0x40 c:/st/stm32cubeide_1.8.0/stm32cubeide/plugins/com.st.stm32cube.ide.mcu.externaltools.gnu-tools-for-stm32.9-2020-q2-update.win32_2.0.0.202105311346/tools/bin/../lib/gcc/arm-none-eabi/9.3.1/thumb/v7e-m+fp/hard/crtbegin.o
 .text          0x0000000008000210       0x14 c:/st/stm32cubeide_1.8.0/stm32cubeide/plugins/com.st.stm32cube.ide.mcu.externaltools.gnu-tools-for-stm32.9-2020-q2-update.win32_2.0.0.202105311346/tools/bin/../lib/gcc/arm-none-eabi/9.3.1/../../../../arm-none-eabi/lib/thumb/v7e-m+fp/hard\libc_nano.a(lib_a-strcmp.o)
                0x0000000008000210                strcmp
 .text          0x0000000008000224       0x10 c:/st/stm32cubeide_1.8.0/stm32cubeide/plugins/com.st.stm32cube.ide.mcu.externaltools.gnu-tools-for-stm32.9-2020-q2-update.win32_2.0.0.202105311346/tools/bin/../lib/gcc/arm-none-eabi/9.3.1/../../../../arm-none-eabi/lib/thumb/v7e-m+fp/hard\libc_nano.a(lib_a-strlen.o)
                0x0000000008000224                strlen
 *fill*         0x0000000008000234        0xc 
 .text          0x0000000008000240       0xa0 c:/st/stm32cubeide_1.8.0/stm32cubeide/plugins/com.st.stm32cube.ide.mcu.externaltools.gnu-tools-for-stm32.9-2020-q2-update.win32_2.0.0.202105311346/tools/bin/../lib/gcc/arm-none-eabi/9.3.1/../../../../arm-none-eabi/lib/thumb/v7e-m+fp/hard\libc_nano.a(lib_a-memchr.o)
                0x0000000008000240                memchr
 .text          0x00000000080002e0       0x30 c:/st/stm32cubeide_1.8.0/stm32cubeide/plugins/com.st.stm32cube.ide.mcu.externaltools.gnu-tools-for-stm32.9-2020-q2-update.win32_2.0.0.202105311346/tools/bin/../lib/gcc/arm-none-eabi/9.3.1/thumb/v7e-m+fp/hard\libgcc.a(_aeabi_uldivmod.o)
                0x00000000080002e0                __aeabi_uldivmod
 .text          0x0000000008000310      0x2c4 c:/st/stm32cubeide_1.8.0/stm32cubeide/plugins/com.st.stm32cube.ide.mcu.externaltools.gnu-tools-for-stm32.9-2020-q2-update.win32_2.0.0.202105311346/tools/bin/../lib/gcc/arm-none-eabi/9.3.1/thumb/v7e-m+fp/hard\libgcc.a(_udivmoddi4.o)
                0x0000000008000310                __udivmoddi4
 .text          0x00000000080005d4        0x4 c:/st/stm32cubeide_1.8.0/stm32cubeide/plugins/com.st.stm32cube.ide.mcu.externaltools.gnu-tools-for-stm32.9-2020-q2-update.win32_2.0.0.202105311346/tools/bin/../lib/gcc/arm-none-eabi/9.3.1/thumb/v7e-m+fp/hard\libgcc.a(_dvmd_tls.o)
                0x00000000080005d4                __aeabi_idiv0
                0x00000000080005d4                __aeabi_ldiv0
 *(.text*)
 .text.led_effect_stop
                0x00000000080005d8       0x40 ./Core/Src/led_effect.o
                0x00000000080005d8                led_effect_stop
 .text.led_effect
                0x0000000008000618       0x38 ./Core/Src/led_effect.o
                0x0000000008000618                led_effect
 .text.turn_off_all_leds
                0x0000000008000650       0x38 ./Core/Src/led_effect.o
                0x0000000008000650                turn_off_all_leds
 .text.turn_on_all_leds
                0x0000000008000688       0x38 ./Core/Src/led_effect.o
                0x0000000008000688                turn_on_all_leds
 .text.turn_on_odd_leds
                0x00000000080006c0       0x38 ./Core/Src/led_effect.o
                0x00000000080006c0                turn_on_odd_leds
 .text.turn_on_even_leds
                0x00000000080006f8       0x38 ./Core/Src/led_effect.o
                0x00000000080006f8                turn_on_even_leds
 .text.LED_control
                0x0000000008000730       0x7c ./Core/Src/led_effect.o
                0x0000000008000730                LED_control
 .text.LED_effect1
                0x00000000080007ac       0x2c ./Core/Src/led_effect.o
                0x00000000080007ac                LED_effect1
 .text.LED_effect2
                0x00000000080007d8       0x2c ./Core/Src/led_effect.o
                0x00000000080007d8                LED_effect2
 .text.LED_effect3
                0x0000000008000804       0x34 ./Core/Src/led_effect.o
                0x0000000008000804                LED_effect3
 .text.LED_effect4
                0x0000000008000838       0x34 ./Core/Src/led_effect.o
                0x0000000008000838                LED_effect4
 .text.main     0x000000000800086c      0x20c ./Core/Src/main.o
                0x000000000800086c                main
 .text.SystemClock_Config
                0x0000000008000a78       0xe4 ./Core/Src/main.o
                0x0000000008000a78                SystemClock_Config
 .text.MX_RTC_Init
                0x0000000008000b5c       0x4c ./Core/Src/main.o
 .text.MX_USART2_UART_Init
                0x0000000008000ba8       0x54 ./Core/Src/main.o
 .text.MX_GPIO_Init
                0x0000000008000bfc      0x13c ./Core/Src/main.o
 .text.led_effect_callback
                0x0000000008000d38       0x50 ./Core/Src/main.o
                0x0000000008000d38                led_effect_callback
 .text.HAL_UART_RxCpltCallback
                0x0000000008000d88       0x94 ./Core/Src/main.o
                0x0000000008000d88                HAL_UART_RxCpltCallback
 .text.HAL_TIM_PeriodElapsedCallback
                0x0000000008000e1c       0x24 ./Core/Src/main.o
                0x0000000008000e1c                HAL_TIM_PeriodElapsedCallback
 .text.Error_Handler
                0x0000000008000e40        0xa ./Core/Src/main.o
                0x0000000008000e40                Error_Handler
 *fill*         0x0000000008000e4a        0x2 
 .text.show_time_date
                0x0000000008000e4c       0xd8 ./Core/Src/rtc.o
                0x0000000008000e4c                show_time_date
 .text.rtc_configure_time
                0x0000000008000f24       0x30 ./Core/Src/rtc.o
                0x0000000008000f24                rtc_configure_time
 .text.rtc_configure_date
                0x0000000008000f54       0x20 ./Core/Src/rtc.o
                0x0000000008000f54                rtc_configure_date
 .text.validate_rtc_information
                0x0000000008000f74       0x64 ./Core/Src/rtc.o
                0x0000000008000f74                validate_rtc_information
 .text.HAL_MspInit
                0x0000000008000fd8       0x50 ./Core/Src/stm32f4xx_hal_msp.o
                0x0000000008000fd8                HAL_MspInit
 .text.HAL_RTC_MspInit
                0x0000000008001028       0x54 ./Core/Src/stm32f4xx_hal_msp.o
                0x0000000008001028                HAL_RTC_MspInit
 .text.HAL_UART_MspInit
                0x000000000800107c       0xa0 ./Core/Src/stm32f4xx_hal_msp.o
                0x000000000800107c                HAL_UART_MspInit
 .text.HAL_InitTick
                0x000000000800111c       0xb4 ./Core/Src/stm32f4xx_hal_timebase_tim.o
                0x000000000800111c                HAL_InitTick
 .text.NMI_Handler
                0x00000000080011d0        0x6 ./Core/Src/stm32f4xx_it.o
                0x00000000080011d0                NMI_Handler
 .text.HardFault_Handler
                0x00000000080011d6        0x6 ./Core/Src/stm32f4xx_it.o
                0x00000000080011d6                HardFault_Handler
 .text.MemManage_Handler
                0x00000000080011dc        0x6 ./Core/Src/stm32f4xx_it.o
                0x00000000080011dc                MemManage_Handler
 .text.BusFault_Handler
                0x00000000080011e2        0x6 ./Core/Src/stm32f4xx_it.o
                0x00000000080011e2                BusFault_Handler
 .text.UsageFault_Handler
                0x00000000080011e8        0x6 ./Core/Src/stm32f4xx_it.o
                0x00000000080011e8                UsageFault_Handler
 .text.DebugMon_Handler
                0x00000000080011ee        0xe ./Core/Src/stm32f4xx_it.o
                0x00000000080011ee                DebugMon_Handler
 .text.USART2_IRQHandler
                0x00000000080011fc       0x14 ./Core/Src/stm32f4xx_it.o
                0x00000000080011fc                USART2_IRQHandler
 .text.EXTI15_10_IRQHandler
                0x0000000008001210       0x10 ./Core/Src/stm32f4xx_it.o
                0x0000000008001210                EXTI15_10_IRQHandler
 .text.TIM6_DAC_IRQHandler
                0x0000000008001220       0x14 ./Core/Src/stm32f4xx_it.o
                0x0000000008001220                TIM6_DAC_IRQHandler
 .text._sbrk    0x0000000008001234       0x6c ./Core/Src/sysmem.o
                0x0000000008001234                _sbrk
 .text.SystemInit
                0x00000000080012a0       0x24 ./Core/Src/system_stm32f4xx.o
                0x00000000080012a0                SystemInit
 .text.menu_task
                0x00000000080012c4       0xe8 ./Core/Src/task_handler.o
                0x00000000080012c4                menu_task
 .text.led_task
                0x00000000080013ac      0x12c ./Core/Src/task_handler.o
                0x00000000080013ac                led_task
 .text.get_number
                0x00000000080014d8       0x48 ./Core/Src/task_handler.o
                0x00000000080014d8                get_number
 .text.rtc_task
                0x0000000008001520      0x3e8 ./Core/Src/task_handler.o
                0x0000000008001520                rtc_task
 .text.print_task
                0x0000000008001908       0x40 ./Core/Src/task_handler.o
                0x0000000008001908                print_task
 .text.command_task
                0x0000000008001948       0x2e ./Core/Src/task_handler.o
                0x0000000008001948                command_task
 *fill*         0x0000000008001976        0x2 
 .text.process_command
                0x0000000008001978       0x78 ./Core/Src/task_handler.o
                0x0000000008001978                process_command
 .text.extract_command
                0x00000000080019f0       0x74 ./Core/Src/task_handler.o
                0x00000000080019f0                extract_command
 .text.Reset_Handler
                0x0000000008001a64       0x50 ./Core/Startup/startup_stm32f446retx.o
                0x0000000008001a64                Reset_Handler
 .text.Default_Handler
                0x0000000008001ab4        0x2 ./Core/Startup/startup_stm32f446retx.o
                0x0000000008001ab4                RTC_Alarm_IRQHandler
                0x0000000008001ab4                EXTI2_IRQHandler
                0x0000000008001ab4                TIM8_CC_IRQHandler
                0x0000000008001ab4                FMPI2C1_EV_IRQHandler
                0x0000000008001ab4                SPI4_IRQHandler
                0x0000000008001ab4                TIM1_CC_IRQHandler
                0x0000000008001ab4                DMA2_Stream5_IRQHandler
                0x0000000008001ab4                DMA1_Stream5_IRQHandler
                0x0000000008001ab4                PVD_IRQHandler
                0x0000000008001ab4                SDIO_IRQHandler
                0x0000000008001ab4                TAMP_STAMP_IRQHandler
                0x0000000008001ab4                CAN2_RX1_IRQHandler
                0x0000000008001ab4                EXTI3_IRQHandler
                0x0000000008001ab4                TIM8_TRG_COM_TIM14_IRQHandler
                0x0000000008001ab4                TIM1_UP_TIM10_IRQHandler
                0x0000000008001ab4                TIM8_UP_TIM13_IRQHandler
                0x0000000008001ab4                I2C3_ER_IRQHandler
                0x0000000008001ab4                EXTI0_IRQHandler
                0x0000000008001ab4                I2C2_EV_IRQHandler
                0x0000000008001ab4                DMA1_Stream2_IRQHandler
                0x0000000008001ab4                CAN1_RX0_IRQHandler
                0x0000000008001ab4                FPU_IRQHandler
                0x0000000008001ab4                OTG_HS_WKUP_IRQHandler
                0x0000000008001ab4                CAN2_SCE_IRQHandler
                0x0000000008001ab4                DMA2_Stream2_IRQHandler
                0x0000000008001ab4                SPI1_IRQHandler
                0x0000000008001ab4                TIM1_BRK_TIM9_IRQHandler
                0x0000000008001ab4                DCMI_IRQHandler
                0x0000000008001ab4                CAN2_RX0_IRQHandler
                0x0000000008001ab4                DMA2_Stream3_IRQHandler
                0x0000000008001ab4                SAI2_IRQHandler
                0x0000000008001ab4                USART6_IRQHandler
                0x0000000008001ab4                USART3_IRQHandler
                0x0000000008001ab4                CAN1_RX1_IRQHandler
                0x0000000008001ab4                UART5_IRQHandler
                0x0000000008001ab4                DMA2_Stream0_IRQHandler
                0x0000000008001ab4                TIM4_IRQHandler
                0x0000000008001ab4                QUADSPI_IRQHandler
                0x0000000008001ab4                I2C1_EV_IRQHandler
                0x0000000008001ab4                DMA1_Stream6_IRQHandler
                0x0000000008001ab4                DMA1_Stream1_IRQHandler
                0x0000000008001ab4                UART4_IRQHandler
                0x0000000008001ab4                TIM3_IRQHandler
                0x0000000008001ab4                RCC_IRQHandler
                0x0000000008001ab4                TIM8_BRK_TIM12_IRQHandler
                0x0000000008001ab4                Default_Handler
                0x0000000008001ab4                CEC_IRQHandler
                0x0000000008001ab4                ADC_IRQHandler
                0x0000000008001ab4                DMA1_Stream7_IRQHandler
                0x0000000008001ab4                TIM7_IRQHandler
                0x0000000008001ab4                CAN2_TX_IRQHandler
                0x0000000008001ab4                TIM5_IRQHandler
                0x0000000008001ab4                DMA2_Stream7_IRQHandler
                0x0000000008001ab4                I2C3_EV_IRQHandler
                0x0000000008001ab4                EXTI9_5_IRQHandler
                0x0000000008001ab4                RTC_WKUP_IRQHandler
                0x0000000008001ab4                SPDIF_RX_IRQHandler
                0x0000000008001ab4                SPI2_IRQHandler
                0x0000000008001ab4                OTG_HS_EP1_IN_IRQHandler
                0x0000000008001ab4                DMA1_Stream0_IRQHandler
                0x0000000008001ab4                CAN1_TX_IRQHandler
                0x0000000008001ab4                FMPI2C1_ER_IRQHandler
                0x0000000008001ab4                EXTI4_IRQHandler
                0x0000000008001ab4                OTG_HS_EP1_OUT_IRQHandler
                0x0000000008001ab4                WWDG_IRQHandler
                0x0000000008001ab4                TIM2_IRQHandler
                0x0000000008001ab4                OTG_FS_WKUP_IRQHandler
                0x0000000008001ab4                TIM1_TRG_COM_TIM11_IRQHandler
                0x0000000008001ab4                OTG_HS_IRQHandler
                0x0000000008001ab4                EXTI1_IRQHandler
                0x0000000008001ab4                I2C2_ER_IRQHandler
                0x0000000008001ab4                DMA2_Stream1_IRQHandler
                0x0000000008001ab4                CAN1_SCE_IRQHandler
                0x0000000008001ab4                FLASH_IRQHandler
                0x0000000008001ab4                DMA2_Stream4_IRQHandler
                0x0000000008001ab4                USART1_IRQHandler
                0x0000000008001ab4                OTG_FS_IRQHandler
                0x0000000008001ab4                SPI3_IRQHandler
                0x0000000008001ab4                DMA1_Stream4_IRQHandler
                0x0000000008001ab4                I2C1_ER_IRQHandler
                0x0000000008001ab4                FMC_IRQHandler
                0x0000000008001ab4                DMA2_Stream6_IRQHandler
                0x0000000008001ab4                SAI1_IRQHandler
                0x0000000008001ab4                DMA1_Stream3_IRQHandler
 *fill*         0x0000000008001ab6        0x2 
 .text.HAL_Init
                0x0000000008001ab8       0x44 ./Drivers/STM32F4xx_HAL_Driver/Src/stm32f4xx_hal.o
                0x0000000008001ab8                HAL_Init
 .text.HAL_IncTick
                0x0000000008001afc       0x28 ./Drivers/STM32F4xx_HAL_Driver/Src/stm32f4xx_hal.o
                0x0000000008001afc                HAL_IncTick
 .text.HAL_GetTick
                0x0000000008001b24       0x18 ./Drivers/STM32F4xx_HAL_Driver/Src/stm32f4xx_hal.o
                0x0000000008001b24                HAL_GetTick
 .text.__NVIC_SetPriorityGrouping
                0x0000000008001b3c       0x48 ./Drivers/STM32F4xx_HAL_Driver/Src/stm32f4xx_hal_cortex.o
 .text.__NVIC_GetPriorityGrouping
                0x0000000008001b84       0x1c ./Drivers/STM32F4xx_HAL_Driver/Src/stm32f4xx_hal_cortex.o
 .text.__NVIC_EnableIRQ
                0x0000000008001ba0       0x3c ./Drivers/STM32F4xx_HAL_Driver/Src/stm32f4xx_hal_cortex.o
 .text.__NVIC_SetPriority
                0x0000000008001bdc       0x54 ./Drivers/STM32F4xx_HAL_Driver/Src/stm32f4xx_hal_cortex.o
 .text.NVIC_EncodePriority
                0x0000000008001c30       0x66 ./Drivers/STM32F4xx_HAL_Driver/Src/stm32f4xx_hal_cortex.o
 .text.HAL_NVIC_SetPriorityGrouping
                0x0000000008001c96       0x16 ./Drivers/STM32F4xx_HAL_Driver/Src/stm32f4xx_hal_cortex.o
                0x0000000008001c96                HAL_NVIC_SetPriorityGrouping
 .text.HAL_NVIC_SetPriority
                0x0000000008001cac       0x38 ./Drivers/STM32F4xx_HAL_Driver/Src/stm32f4xx_hal_cortex.o
                0x0000000008001cac                HAL_NVIC_SetPriority
 .text.HAL_NVIC_EnableIRQ
                0x0000000008001ce4       0x1c ./Drivers/STM32F4xx_HAL_Driver/Src/stm32f4xx_hal_cortex.o
                0x0000000008001ce4                HAL_NVIC_EnableIRQ
 .text.HAL_DMA_Abort
                0x0000000008001d00       0xe0 ./Drivers/STM32F4xx_HAL_Driver/Src/stm32f4xx_hal_dma.o
                0x0000000008001d00                HAL_DMA_Abort
 .text.HAL_DMA_Abort_IT
                0x0000000008001de0       0x44 ./Drivers/STM32F4xx_HAL_Driver/Src/stm32f4xx_hal_dma.o
                0x0000000008001de0                HAL_DMA_Abort_IT
 .text.HAL_GPIO_Init
                0x0000000008001e24      0x328 ./Drivers/STM32F4xx_HAL_Driver/Src/stm32f4xx_hal_gpio.o
                0x0000000008001e24                HAL_GPIO_Init
 .text.HAL_GPIO_WritePin
                0x000000000800214c       0x32 ./Drivers/STM32F4xx_HAL_Driver/Src/stm32f4xx_hal_gpio.o
                0x000000000800214c                HAL_GPIO_WritePin
 *fill*         0x000000000800217e        0x2 
 .text.HAL_GPIO_EXTI_IRQHandler
                0x0000000008002180       0x30 ./Drivers/STM32F4xx_HAL_Driver/Src/stm32f4xx_hal_gpio.o
                0x0000000008002180                HAL_GPIO_EXTI_IRQHandler
 .text.HAL_GPIO_EXTI_Callback
                0x00000000080021b0       0x16 ./Drivers/STM32F4xx_HAL_Driver/Src/stm32f4xx_hal_gpio.o
                0x00000000080021b0                HAL_GPIO_EXTI_Callback
 *fill*         0x00000000080021c6        0x2 
 .text.HAL_RCC_ClockConfig
                0x00000000080021c8      0x1cc ./Drivers/STM32F4xx_HAL_Driver/Src/stm32f4xx_hal_rcc.o
                0x00000000080021c8                HAL_RCC_ClockConfig
 .text.HAL_RCC_GetHCLKFreq
                0x0000000008002394       0x18 ./Drivers/STM32F4xx_HAL_Driver/Src/stm32f4xx_hal_rcc.o
                0x0000000008002394                HAL_RCC_GetHCLKFreq
 .text.HAL_RCC_GetPCLK1Freq
                0x00000000080023ac       0x28 ./Drivers/STM32F4xx_HAL_Driver/Src/stm32f4xx_hal_rcc.o
                0x00000000080023ac                HAL_RCC_GetPCLK1Freq
 .text.HAL_RCC_GetPCLK2Freq
                0x00000000080023d4       0x28 ./Drivers/STM32F4xx_HAL_Driver/Src/stm32f4xx_hal_rcc.o
                0x00000000080023d4                HAL_RCC_GetPCLK2Freq
 .text.HAL_RCC_GetClockConfig
                0x00000000080023fc       0x64 ./Drivers/STM32F4xx_HAL_Driver/Src/stm32f4xx_hal_rcc.o
                0x00000000080023fc                HAL_RCC_GetClockConfig
 .text.HAL_RCCEx_PeriphCLKConfig
                0x0000000008002460      0x654 ./Drivers/STM32F4xx_HAL_Driver/Src/stm32f4xx_hal_rcc_ex.o
                0x0000000008002460                HAL_RCCEx_PeriphCLKConfig
 .text.HAL_RCC_GetSysClockFreq
                0x0000000008002ab4      0x364 ./Drivers/STM32F4xx_HAL_Driver/Src/stm32f4xx_hal_rcc_ex.o
                0x0000000008002ab4                HAL_RCC_GetSysClockFreq
 .text.HAL_RCC_OscConfig
                0x0000000008002e18      0x53c ./Drivers/STM32F4xx_HAL_Driver/Src/stm32f4xx_hal_rcc_ex.o
                0x0000000008002e18                HAL_RCC_OscConfig
 .text.HAL_RTC_Init
                0x0000000008003354      0x122 ./Drivers/STM32F4xx_HAL_Driver/Src/stm32f4xx_hal_rtc.o
                0x0000000008003354                HAL_RTC_Init
 .text.HAL_RTC_SetTime
                0x0000000008003476      0x17a ./Drivers/STM32F4xx_HAL_Driver/Src/stm32f4xx_hal_rtc.o
                0x0000000008003476                HAL_RTC_SetTime
 .text.HAL_RTC_GetTime
                0x00000000080035f0       0xbc ./Drivers/STM32F4xx_HAL_Driver/Src/stm32f4xx_hal_rtc.o
                0x00000000080035f0                HAL_RTC_GetTime
 .text.HAL_RTC_SetDate
                0x00000000080036ac      0x14e ./Drivers/STM32F4xx_HAL_Driver/Src/stm32f4xx_hal_rtc.o
                0x00000000080036ac                HAL_RTC_SetDate
 .text.HAL_RTC_GetDate
                0x00000000080037fa       0x9e ./Drivers/STM32F4xx_HAL_Driver/Src/stm32f4xx_hal_rtc.o
                0x00000000080037fa                HAL_RTC_GetDate
 .text.HAL_RTC_WaitForSynchro
                0x0000000008003898       0x50 ./Drivers/STM32F4xx_HAL_Driver/Src/stm32f4xx_hal_rtc.o
                0x0000000008003898                HAL_RTC_WaitForSynchro
 .text.RTC_EnterInitMode
                0x00000000080038e8       0x58 ./Drivers/STM32F4xx_HAL_Driver/Src/stm32f4xx_hal_rtc.o
                0x00000000080038e8                RTC_EnterInitMode
 .text.RTC_ByteToBcd2
                0x0000000008003940       0x3c ./Drivers/STM32F4xx_HAL_Driver/Src/stm32f4xx_hal_rtc.o
                0x0000000008003940                RTC_ByteToBcd2
 .text.RTC_Bcd2ToByte
                0x000000000800397c       0x3c ./Drivers/STM32F4xx_HAL_Driver/Src/stm32f4xx_hal_rtc.o
                0x000000000800397c                RTC_Bcd2ToByte
 .text.HAL_TIM_Base_Init
                0x00000000080039b8       0x9e ./Drivers/STM32F4xx_HAL_Driver/Src/stm32f4xx_hal_tim.o
                0x00000000080039b8                HAL_TIM_Base_Init
 .text.HAL_TIM_Base_MspInit
                0x0000000008003a56       0x14 ./Drivers/STM32F4xx_HAL_Driver/Src/stm32f4xx_hal_tim.o
                0x0000000008003a56                HAL_TIM_Base_MspInit
 *fill*         0x0000000008003a6a        0x2 
 .text.HAL_TIM_Base_Start_IT
                0x0000000008003a6c       0xe0 ./Drivers/STM32F4xx_HAL_Driver/Src/stm32f4xx_hal_tim.o
                0x0000000008003a6c                HAL_TIM_Base_Start_IT
 .text.HAL_TIM_IRQHandler
                0x0000000008003b4c      0x210 ./Drivers/STM32F4xx_HAL_Driver/Src/stm32f4xx_hal_tim.o
                0x0000000008003b4c                HAL_TIM_IRQHandler
 .text.HAL_TIM_OC_DelayElapsedCallback
                0x0000000008003d5c       0x14 ./Drivers/STM32F4xx_HAL_Driver/Src/stm32f4xx_hal_tim.o
                0x0000000008003d5c                HAL_TIM_OC_DelayElapsedCallback
 .text.HAL_TIM_IC_CaptureCallback
                0x0000000008003d70       0x14 ./Drivers/STM32F4xx_HAL_Driver/Src/stm32f4xx_hal_tim.o
                0x0000000008003d70                HAL_TIM_IC_CaptureCallback
 .text.HAL_TIM_PWM_PulseFinishedCallback
                0x0000000008003d84       0x14 ./Drivers/STM32F4xx_HAL_Driver/Src/stm32f4xx_hal_tim.o
                0x0000000008003d84                HAL_TIM_PWM_PulseFinishedCallback
 .text.HAL_TIM_TriggerCallback
                0x0000000008003d98       0x14 ./Drivers/STM32F4xx_HAL_Driver/Src/stm32f4xx_hal_tim.o
                0x0000000008003d98                HAL_TIM_TriggerCallback
 .text.TIM_Base_SetConfig
                0x0000000008003dac      0x140 ./Drivers/STM32F4xx_HAL_Driver/Src/stm32f4xx_hal_tim.o
                0x0000000008003dac                TIM_Base_SetConfig
 .text.HAL_TIMEx_CommutCallback
                0x0000000008003eec       0x14 ./Drivers/STM32F4xx_HAL_Driver/Src/stm32f4xx_hal_tim_ex.o
                0x0000000008003eec                HAL_TIMEx_CommutCallback
 .text.HAL_TIMEx_BreakCallback
                0x0000000008003f00       0x14 ./Drivers/STM32F4xx_HAL_Driver/Src/stm32f4xx_hal_tim_ex.o
                0x0000000008003f00                HAL_TIMEx_BreakCallback
 .text.HAL_UART_Init
                0x0000000008003f14       0x9a ./Drivers/STM32F4xx_HAL_Driver/Src/stm32f4xx_hal_uart.o
                0x0000000008003f14                HAL_UART_Init
 .text.HAL_UART_Transmit
                0x0000000008003fae      0x124 ./Drivers/STM32F4xx_HAL_Driver/Src/stm32f4xx_hal_uart.o
                0x0000000008003fae                HAL_UART_Transmit
 .text.HAL_UART_Receive_IT
                0x00000000080040d2       0x60 ./Drivers/STM32F4xx_HAL_Driver/Src/stm32f4xx_hal_uart.o
                0x00000000080040d2                HAL_UART_Receive_IT
 *fill*         0x0000000008004132        0x2 
 .text.HAL_UART_IRQHandler
                0x0000000008004134      0x51c ./Drivers/STM32F4xx_HAL_Driver/Src/stm32f4xx_hal_uart.o
                0x0000000008004134                HAL_UART_IRQHandler
 .text.HAL_UART_TxCpltCallback
                0x0000000008004650       0x14 ./Drivers/STM32F4xx_HAL_Driver/Src/stm32f4xx_hal_uart.o
                0x0000000008004650                HAL_UART_TxCpltCallback
 .text.HAL_UART_ErrorCallback
                0x0000000008004664       0x14 ./Drivers/STM32F4xx_HAL_Driver/Src/stm32f4xx_hal_uart.o
                0x0000000008004664                HAL_UART_ErrorCallback
 .text.HAL_UARTEx_RxEventCallback
                0x0000000008004678       0x18 ./Drivers/STM32F4xx_HAL_Driver/Src/stm32f4xx_hal_uart.o
                0x0000000008004678                HAL_UARTEx_RxEventCallback
 .text.UART_WaitOnFlagUntilTimeout
                0x0000000008004690       0xdc ./Drivers/STM32F4xx_HAL_Driver/Src/stm32f4xx_hal_uart.o
 .text.UART_Start_Receive_IT
                0x000000000800476c       0x74 ./Drivers/STM32F4xx_HAL_Driver/Src/stm32f4xx_hal_uart.o
                0x000000000800476c                UART_Start_Receive_IT
 .text.UART_EndRxTransfer
                0x00000000080047e0       0xc6 ./Drivers/STM32F4xx_HAL_Driver/Src/stm32f4xx_hal_uart.o
 .text.UART_DMAAbortOnError
                0x00000000080048a6       0x28 ./Drivers/STM32F4xx_HAL_Driver/Src/stm32f4xx_hal_uart.o
 .text.UART_Transmit_IT
                0x00000000080048ce       0xa0 ./Drivers/STM32F4xx_HAL_Driver/Src/stm32f4xx_hal_uart.o
 .text.UART_EndTransmit_IT
                0x000000000800496e       0x30 ./Drivers/STM32F4xx_HAL_Driver/Src/stm32f4xx_hal_uart.o
 .text.UART_Receive_IT
                0x000000000800499e      0x176 ./Drivers/STM32F4xx_HAL_Driver/Src/stm32f4xx_hal_uart.o
 .text.UART_SetConfig
                0x0000000008004b14      0x390 ./Drivers/STM32F4xx_HAL_Driver/Src/stm32f4xx_hal_uart.o
 .text.vListInitialise
                0x0000000008004ea4       0x40 ./common/ThirdParty/FreeRTOS/list.o
                0x0000000008004ea4                vListInitialise
 .text.vListInitialiseItem
                0x0000000008004ee4       0x1a ./common/ThirdParty/FreeRTOS/list.o
                0x0000000008004ee4                vListInitialiseItem
 .text.vListInsertEnd
                0x0000000008004efe       0x48 ./common/ThirdParty/FreeRTOS/list.o
                0x0000000008004efe                vListInsertEnd
 .text.vListInsert
                0x0000000008004f46       0x72 ./common/ThirdParty/FreeRTOS/list.o
                0x0000000008004f46                vListInsert
 .text.uxListRemove
                0x0000000008004fb8       0x54 ./common/ThirdParty/FreeRTOS/list.o
                0x0000000008004fb8                uxListRemove
 .text.xQueueGenericReset
                0x000000000800500c       0xd0 ./common/ThirdParty/FreeRTOS/queue.o
                0x000000000800500c                xQueueGenericReset
 .text.xQueueGenericCreate
                0x00000000080050dc       0xbe ./common/ThirdParty/FreeRTOS/queue.o
                0x00000000080050dc                xQueueGenericCreate
 .text.prvInitialiseNewQueue
                0x000000000800519a       0x46 ./common/ThirdParty/FreeRTOS/queue.o
 .text.xQueueGenericSend
                0x00000000080051e0      0x1fc ./common/ThirdParty/FreeRTOS/queue.o
                0x00000000080051e0                xQueueGenericSend
 .text.xQueueGenericSendFromISR
                0x00000000080053dc      0x154 ./common/ThirdParty/FreeRTOS/queue.o
                0x00000000080053dc                xQueueGenericSendFromISR
 .text.xQueueReceive
                0x0000000008005530      0x1c0 ./common/ThirdParty/FreeRTOS/queue.o
                0x0000000008005530                xQueueReceive
 .text.xQueueReceiveFromISR
                0x00000000080056f0      0x11e ./common/ThirdParty/FreeRTOS/queue.o
                0x00000000080056f0                xQueueReceiveFromISR
 .text.uxQueueMessagesWaiting
                0x000000000800580e       0x3c ./common/ThirdParty/FreeRTOS/queue.o
                0x000000000800580e                uxQueueMessagesWaiting
 .text.prvCopyDataToQueue
                0x000000000800584a       0xd4 ./common/ThirdParty/FreeRTOS/queue.o
 .text.prvCopyDataFromQueue
                0x000000000800591e       0x4c ./common/ThirdParty/FreeRTOS/queue.o
 .text.prvUnlockQueue
                0x000000000800596a       0xa4 ./common/ThirdParty/FreeRTOS/queue.o
 .text.prvIsQueueEmpty
                0x0000000008005a0e       0x2c ./common/ThirdParty/FreeRTOS/queue.o
 .text.prvIsQueueFull
                0x0000000008005a3a       0x30 ./common/ThirdParty/FreeRTOS/queue.o
 .text.xQueueIsQueueFullFromISR
                0x0000000008005a6a       0x4c ./common/ThirdParty/FreeRTOS/queue.o
                0x0000000008005a6a                xQueueIsQueueFullFromISR
 *fill*         0x0000000008005ab6        0x2 
 .text.vQueueAddToRegistry
                0x0000000008005ab8       0x54 ./common/ThirdParty/FreeRTOS/queue.o
                0x0000000008005ab8                vQueueAddToRegistry
 .text.vQueueWaitForMessageRestricted
                0x0000000008005b0c       0x68 ./common/ThirdParty/FreeRTOS/queue.o
                0x0000000008005b0c                vQueueWaitForMessageRestricted
 .text.xTaskCreate
                0x0000000008005b74       0x82 ./common/ThirdParty/FreeRTOS/tasks.o
                0x0000000008005b74                xTaskCreate
 .text.prvInitialiseNewTask
                0x0000000008005bf6      0x12c ./common/ThirdParty/FreeRTOS/tasks.o
 *fill*         0x0000000008005d22        0x2 
 .text.prvAddNewTaskToReadyList
                0x0000000008005d24       0xdc ./common/ThirdParty/FreeRTOS/tasks.o
 .text.vTaskStartScheduler
                0x0000000008005e00       0xa4 ./common/ThirdParty/FreeRTOS/tasks.o
                0x0000000008005e00                vTaskStartScheduler
 .text.vTaskSuspendAll
                0x0000000008005ea4       0x1c ./common/ThirdParty/FreeRTOS/tasks.o
                0x0000000008005ea4                vTaskSuspendAll
 .text.xTaskResumeAll
                0x0000000008005ec0      0x138 ./common/ThirdParty/FreeRTOS/tasks.o
                0x0000000008005ec0                xTaskResumeAll
 .text.xTaskGetTickCount
                0x0000000008005ff8       0x20 ./common/ThirdParty/FreeRTOS/tasks.o
                0x0000000008005ff8                xTaskGetTickCount
 .text.xTaskIncrementTick
                0x0000000008006018      0x170 ./common/ThirdParty/FreeRTOS/tasks.o
                0x0000000008006018                xTaskIncrementTick
 .text.vTaskSwitchContext
                0x0000000008006188       0xb8 ./common/ThirdParty/FreeRTOS/tasks.o
                0x0000000008006188                vTaskSwitchContext
 .text.vTaskPlaceOnEventList
                0x0000000008006240       0x48 ./common/ThirdParty/FreeRTOS/tasks.o
                0x0000000008006240                vTaskPlaceOnEventList
 .text.vTaskPlaceOnEventListRestricted
                0x0000000008006288       0x58 ./common/ThirdParty/FreeRTOS/tasks.o
                0x0000000008006288                vTaskPlaceOnEventListRestricted
 .text.xTaskRemoveFromEventList
                0x00000000080062e0       0xc4 ./common/ThirdParty/FreeRTOS/tasks.o
                0x00000000080062e0                xTaskRemoveFromEventList
 .text.vTaskInternalSetTimeOutState
                0x00000000080063a4       0x2c ./common/ThirdParty/FreeRTOS/tasks.o
                0x00000000080063a4                vTaskInternalSetTimeOutState
 .text.xTaskCheckForTimeOut
                0x00000000080063d0       0xcc ./common/ThirdParty/FreeRTOS/tasks.o
                0x00000000080063d0                xTaskCheckForTimeOut
 .text.vTaskMissedYield
                0x000000000800649c       0x18 ./common/ThirdParty/FreeRTOS/tasks.o
                0x000000000800649c                vTaskMissedYield
 .text.prvIdleTask
                0x00000000080064b4       0x30 ./common/ThirdParty/FreeRTOS/tasks.o
 .text.prvInitialiseTaskLists
                0x00000000080064e4       0x80 ./common/ThirdParty/FreeRTOS/tasks.o
 .text.prvCheckTasksWaitingTermination
                0x0000000008006564       0x5c ./common/ThirdParty/FreeRTOS/tasks.o
 .text.prvDeleteTCB
                0x00000000080065c0       0x20 ./common/ThirdParty/FreeRTOS/tasks.o
 .text.prvResetNextTaskUnblockTime
                0x00000000080065e0       0x38 ./common/ThirdParty/FreeRTOS/tasks.o
 .text.xTaskGetSchedulerState
                0x0000000008006618       0x3c ./common/ThirdParty/FreeRTOS/tasks.o
                0x0000000008006618                xTaskGetSchedulerState
 .text.xTaskPriorityDisinherit
                0x0000000008006654       0xf4 ./common/ThirdParty/FreeRTOS/tasks.o
                0x0000000008006654                xTaskPriorityDisinherit
 .text.xTaskGenericNotifyWait
                0x0000000008006748      0x100 ./common/ThirdParty/FreeRTOS/tasks.o
                0x0000000008006748                xTaskGenericNotifyWait
 .text.xTaskGenericNotify
                0x0000000008006848      0x1c0 ./common/ThirdParty/FreeRTOS/tasks.o
                0x0000000008006848                xTaskGenericNotify
 .text.xTaskGenericNotifyFromISR
                0x0000000008006a08      0x204 ./common/ThirdParty/FreeRTOS/tasks.o
                0x0000000008006a08                xTaskGenericNotifyFromISR
 .text.prvAddCurrentTaskToDelayedList
                0x0000000008006c0c       0xcc ./common/ThirdParty/FreeRTOS/tasks.o
 .text.xTimerCreateTimerTask
                0x0000000008006cd8       0x64 ./common/ThirdParty/FreeRTOS/timers.o
                0x0000000008006cd8                xTimerCreateTimerTask
 .text.xTimerCreate
                0x0000000008006d3c       0x42 ./common/ThirdParty/FreeRTOS/timers.o
                0x0000000008006d3c                xTimerCreate
 .text.prvInitialiseNewTimer
                0x0000000008006d7e       0x76 ./common/ThirdParty/FreeRTOS/timers.o
 .text.xTimerGenericCommand
                0x0000000008006df4       0x9c ./common/ThirdParty/FreeRTOS/timers.o
                0x0000000008006df4                xTimerGenericCommand
 .text.prvProcessExpiredTimer
                0x0000000008006e90       0x98 ./common/ThirdParty/FreeRTOS/timers.o
 .text.prvTimerTask
                0x0000000008006f28       0x24 ./common/ThirdParty/FreeRTOS/timers.o
 .text.prvProcessTimerOrBlockTask
                0x0000000008006f4c       0x9c ./common/ThirdParty/FreeRTOS/timers.o
 .text.prvGetNextExpireTime
                0x0000000008006fe8       0x48 ./common/ThirdParty/FreeRTOS/timers.o
 .text.prvSampleTimeNow
                0x0000000008007030       0x40 ./common/ThirdParty/FreeRTOS/timers.o
 .text.prvInsertTimerInActiveList
                0x0000000008007070       0x84 ./common/ThirdParty/FreeRTOS/timers.o
 .text.prvProcessReceivedCommands
                0x00000000080070f4      0x18c ./common/ThirdParty/FreeRTOS/timers.o
 .text.prvSwitchTimerLists
                0x0000000008007280       0xc8 ./common/ThirdParty/FreeRTOS/timers.o
 .text.prvCheckForValidListAndQueue
                0x0000000008007348       0x6c ./common/ThirdParty/FreeRTOS/timers.o
 .text.pvTimerGetTimerID
                0x00000000080073b4       0x40 ./common/ThirdParty/FreeRTOS/timers.o
                0x00000000080073b4                pvTimerGetTimerID
 .text.pxPortInitialiseStack
                0x00000000080073f4       0x68 ./common/ThirdParty/FreeRTOS/portable/GCC/ARM_CM4F/port.o
                0x00000000080073f4                pxPortInitialiseStack
 .text.prvTaskExitError
                0x000000000800745c       0x58 ./common/ThirdParty/FreeRTOS/portable/GCC/ARM_CM4F/port.o
 *fill*         0x00000000080074b4        0xc 
 .text.SVC_Handler
                0x00000000080074c0       0x28 ./common/ThirdParty/FreeRTOS/portable/GCC/ARM_CM4F/port.o
                0x00000000080074c0                SVC_Handler
 .text.prvPortStartFirstTask
                0x00000000080074e8       0x2c ./common/ThirdParty/FreeRTOS/portable/GCC/ARM_CM4F/port.o
 .text.xPortStartScheduler
                0x0000000008007514      0x144 ./common/ThirdParty/FreeRTOS/portable/GCC/ARM_CM4F/port.o
                0x0000000008007514                xPortStartScheduler
 .text.vPortEnterCritical
                0x0000000008007658       0x60 ./common/ThirdParty/FreeRTOS/portable/GCC/ARM_CM4F/port.o
                0x0000000008007658                vPortEnterCritical
 .text.vPortExitCritical
                0x00000000080076b8       0x54 ./common/ThirdParty/FreeRTOS/portable/GCC/ARM_CM4F/port.o
                0x00000000080076b8                vPortExitCritical
 *fill*         0x000000000800770c        0x4 
 .text.PendSV_Handler
                0x0000000008007710       0x68 ./common/ThirdParty/FreeRTOS/portable/GCC/ARM_CM4F/port.o
                0x0000000008007710                PendSV_Handler
 .text.SysTick_Handler
                0x0000000008007778       0x44 ./common/ThirdParty/FreeRTOS/portable/GCC/ARM_CM4F/port.o
                0x0000000008007778                SysTick_Handler
 .text.vPortSetupTimerInterrupt
                0x00000000080077bc       0x48 ./common/ThirdParty/FreeRTOS/portable/GCC/ARM_CM4F/port.o
                0x00000000080077bc                vPortSetupTimerInterrupt
 .text.vPortEnableVFP
                0x0000000008007804       0x18 ./common/ThirdParty/FreeRTOS/portable/GCC/ARM_CM4F/port.o
 .text.vPortValidateInterruptPriority
                0x000000000800781c       0x80 ./common/ThirdParty/FreeRTOS/portable/GCC/ARM_CM4F/port.o
                0x000000000800781c                vPortValidateInterruptPriority
 .text.pvPortMalloc
                0x000000000800789c      0x1c0 ./common/ThirdParty/FreeRTOS/portable/MemMang/heap_4.o
                0x000000000800789c                pvPortMalloc
 .text.vPortFree
                0x0000000008007a5c       0xc4 ./common/ThirdParty/FreeRTOS/portable/MemMang/heap_4.o
                0x0000000008007a5c                vPortFree
 .text.prvHeapInit
                0x0000000008007b20       0xc4 ./common/ThirdParty/FreeRTOS/portable/MemMang/heap_4.o
 .text.prvInsertBlockIntoFreeList
                0x0000000008007be4       0xb4 ./common/ThirdParty/FreeRTOS/portable/MemMang/heap_4.o
 .text.__errno  0x0000000008007c98        0xc c:/st/stm32cubeide_1.8.0/stm32cubeide/plugins/com.st.stm32cube.ide.mcu.externaltools.gnu-tools-for-stm32.9-2020-q2-update.win32_2.0.0.202105311346/tools/bin/../lib/gcc/arm-none-eabi/9.3.1/../../../../arm-none-eabi/lib/thumb/v7e-m+fp/hard\libc_nano.a(lib_a-errno.o)
                0x0000000008007c98                __errno
 .text.__libc_init_array
                0x0000000008007ca4       0x48 c:/st/stm32cubeide_1.8.0/stm32cubeide/plugins/com.st.stm32cube.ide.mcu.externaltools.gnu-tools-for-stm32.9-2020-q2-update.win32_2.0.0.202105311346/tools/bin/../lib/gcc/arm-none-eabi/9.3.1/../../../../arm-none-eabi/lib/thumb/v7e-m+fp/hard\libc_nano.a(lib_a-init.o)
                0x0000000008007ca4                __libc_init_array
 .text.memcpy   0x0000000008007cec       0x1c c:/st/stm32cubeide_1.8.0/stm32cubeide/plugins/com.st.stm32cube.ide.mcu.externaltools.gnu-tools-for-stm32.9-2020-q2-update.win32_2.0.0.202105311346/tools/bin/../lib/gcc/arm-none-eabi/9.3.1/../../../../arm-none-eabi/lib/thumb/v7e-m+fp/hard\libc_nano.a(lib_a-memcpy-stub.o)
                0x0000000008007cec                memcpy
 .text.memset   0x0000000008007d08       0x10 c:/st/stm32cubeide_1.8.0/stm32cubeide/plugins/com.st.stm32cube.ide.mcu.externaltools.gnu-tools-for-stm32.9-2020-q2-update.win32_2.0.0.202105311346/tools/bin/../lib/gcc/arm-none-eabi/9.3.1/../../../../arm-none-eabi/lib/thumb/v7e-m+fp/hard\libc_nano.a(lib_a-memset.o)
                0x0000000008007d08                memset
 .text.sprintf  0x0000000008007d18       0x40 c:/st/stm32cubeide_1.8.0/stm32cubeide/plugins/com.st.stm32cube.ide.mcu.externaltools.gnu-tools-for-stm32.9-2020-q2-update.win32_2.0.0.202105311346/tools/bin/../lib/gcc/arm-none-eabi/9.3.1/../../../../arm-none-eabi/lib/thumb/v7e-m+fp/hard\libc_nano.a(lib_a-sprintf.o)
                0x0000000008007d18                siprintf
                0x0000000008007d18                sprintf
 .text.__retarget_lock_acquire_recursive
                0x0000000008007d58        0x2 c:/st/stm32cubeide_1.8.0/stm32cubeide/plugins/com.st.stm32cube.ide.mcu.externaltools.gnu-tools-for-stm32.9-2020-q2-update.win32_2.0.0.202105311346/tools/bin/../lib/gcc/arm-none-eabi/9.3.1/../../../../arm-none-eabi/lib/thumb/v7e-m+fp/hard\libc_nano.a(lib_a-lock.o)
                0x0000000008007d58                __retarget_lock_acquire_recursive
 .text.__retarget_lock_release_recursive
                0x0000000008007d5a        0x2 c:/st/stm32cubeide_1.8.0/stm32cubeide/plugins/com.st.stm32cube.ide.mcu.externaltools.gnu-tools-for-stm32.9-2020-q2-update.win32_2.0.0.202105311346/tools/bin/../lib/gcc/arm-none-eabi/9.3.1/../../../../arm-none-eabi/lib/thumb/v7e-m+fp/hard\libc_nano.a(lib_a-lock.o)
                0x0000000008007d5a                __retarget_lock_release_recursive
 .text._malloc_r
                0x0000000008007d5c       0xb4 c:/st/stm32cubeide_1.8.0/stm32cubeide/plugins/com.st.stm32cube.ide.mcu.externaltools.gnu-tools-for-stm32.9-2020-q2-update.win32_2.0.0.202105311346/tools/bin/../lib/gcc/arm-none-eabi/9.3.1/../../../../arm-none-eabi/lib/thumb/v7e-m+fp/hard\libc_nano.a(lib_a-nano-mallocr.o)
                0x0000000008007d5c                _malloc_r
 .text.__ssputs_r
                0x0000000008007e10       0xb6 c:/st/stm32cubeide_1.8.0/stm32cubeide/plugins/com.st.stm32cube.ide.mcu.externaltools.gnu-tools-for-stm32.9-2020-q2-update.win32_2.0.0.202105311346/tools/bin/../lib/gcc/arm-none-eabi/9.3.1/../../../../arm-none-eabi/lib/thumb/v7e-m+fp/hard\libc_nano.a(lib_a-nano-svfprintf.o)
                0x0000000008007e10                __ssputs_r
 *fill*         0x0000000008007ec6        0x2 
 .text._svfprintf_r
                0x0000000008007ec8      0x200 c:/st/stm32cubeide_1.8.0/stm32cubeide/plugins/com.st.stm32cube.ide.mcu.externaltools.gnu-tools-for-stm32.9-2020-q2-update.win32_2.0.0.202105311346/tools/bin/../lib/gcc/arm-none-eabi/9.3.1/../../../../arm-none-eabi/lib/thumb/v7e-m+fp/hard\libc_nano.a(lib_a-nano-svfprintf.o)
                0x0000000008007ec8                _svfiprintf_r
                0x0000000008007ec8                _svfprintf_r
 .text._printf_common
                0x00000000080080c8       0xda c:/st/stm32cubeide_1.8.0/stm32cubeide/plugins/com.st.stm32cube.ide.mcu.externaltools.gnu-tools-for-stm32.9-2020-q2-update.win32_2.0.0.202105311346/tools/bin/../lib/gcc/arm-none-eabi/9.3.1/../../../../arm-none-eabi/lib/thumb/v7e-m+fp/hard\libc_nano.a(lib_a-nano-vfprintf_i.o)
                0x00000000080080c8                _printf_common
 *fill*         0x00000000080081a2        0x2 
 .text._printf_i
                0x00000000080081a4      0x24c c:/st/stm32cubeide_1.8.0/stm32cubeide/plugins/com.st.stm32cube.ide.mcu.externaltools.gnu-tools-for-stm32.9-2020-q2-update.win32_2.0.0.202105311346/tools/bin/../lib/gcc/arm-none-eabi/9.3.1/../../../../arm-none-eabi/lib/thumb/v7e-m+fp/hard\libc_nano.a(lib_a-nano-vfprintf_i.o)
                0x00000000080081a4                _printf_i
 .text._sbrk_r  0x00000000080083f0       0x20 c:/st/stm32cubeide_1.8.0/stm32cubeide/plugins/com.st.stm32cube.ide.mcu.externaltools.gnu-tools-for-stm32.9-2020-q2-update.win32_2.0.0.202105311346/tools/bin/../lib/gcc/arm-none-eabi/9.3.1/../../../../arm-none-eabi/lib/thumb/v7e-m+fp/hard\libc_nano.a(lib_a-sbrkr.o)
                0x00000000080083f0                _sbrk_r
 .text.memmove  0x0000000008008410       0x34 c:/st/stm32cubeide_1.8.0/stm32cubeide/plugins/com.st.stm32cube.ide.mcu.externaltools.gnu-tools-for-stm32.9-2020-q2-update.win32_2.0.0.202105311346/tools/bin/../lib/gcc/arm-none-eabi/9.3.1/../../../../arm-none-eabi/lib/thumb/v7e-m+fp/hard\libc_nano.a(lib_a-memmove.o)
                0x0000000008008410                memmove
 .text.__malloc_lock
                0x0000000008008444        0xc c:/st/stm32cubeide_1.8.0/stm32cubeide/plugins/com.st.stm32cube.ide.mcu.externaltools.gnu-tools-for-stm32.9-2020-q2-update.win32_2.0.0.202105311346/tools/bin/../lib/gcc/arm-none-eabi/9.3.1/../../../../arm-none-eabi/lib/thumb/v7e-m+fp/hard\libc_nano.a(lib_a-mlock.o)
                0x0000000008008444                __malloc_lock
 .text.__malloc_unlock
                0x0000000008008450        0xc c:/st/stm32cubeide_1.8.0/stm32cubeide/plugins/com.st.stm32cube.ide.mcu.externaltools.gnu-tools-for-stm32.9-2020-q2-update.win32_2.0.0.202105311346/tools/bin/../lib/gcc/arm-none-eabi/9.3.1/../../../../arm-none-eabi/lib/thumb/v7e-m+fp/hard\libc_nano.a(lib_a-mlock.o)
                0x0000000008008450                __malloc_unlock
 .text._free_r  0x000000000800845c       0xa0 c:/st/stm32cubeide_1.8.0/stm32cubeide/plugins/com.st.stm32cube.ide.mcu.externaltools.gnu-tools-for-stm32.9-2020-q2-update.win32_2.0.0.202105311346/tools/bin/../lib/gcc/arm-none-eabi/9.3.1/../../../../arm-none-eabi/lib/thumb/v7e-m+fp/hard\libc_nano.a(lib_a-nano-freer.o)
                0x000000000800845c                _free_r
 .text._realloc_r
                0x00000000080084fc       0x4c c:/st/stm32cubeide_1.8.0/stm32cubeide/plugins/com.st.stm32cube.ide.mcu.externaltools.gnu-tools-for-stm32.9-2020-q2-update.win32_2.0.0.202105311346/tools/bin/../lib/gcc/arm-none-eabi/9.3.1/../../../../arm-none-eabi/lib/thumb/v7e-m+fp/hard\libc_nano.a(lib_a-nano-reallocr.o)
                0x00000000080084fc                _realloc_r
 .text._malloc_usable_size_r
                0x0000000008008548       0x10 c:/st/stm32cubeide_1.8.0/stm32cubeide/plugins/com.st.stm32cube.ide.mcu.externaltools.gnu-tools-for-stm32.9-2020-q2-update.win32_2.0.0.202105311346/tools/bin/../lib/gcc/arm-none-eabi/9.3.1/../../../../arm-none-eabi/lib/thumb/v7e-m+fp/hard\libc_nano.a(lib_a-nano-msizer.o)
                0x0000000008008548                _malloc_usable_size_r
 *(.glue_7)
 .glue_7        0x0000000008008558        0x0 linker stubs
 *(.glue_7t)
 .glue_7t       0x0000000008008558        0x0 linker stubs
 *(.eh_frame)
 .eh_frame      0x0000000008008558        0x0 c:/st/stm32cubeide_1.8.0/stm32cubeide/plugins/com.st.stm32cube.ide.mcu.externaltools.gnu-tools-for-stm32.9-2020-q2-update.win32_2.0.0.202105311346/tools/bin/../lib/gcc/arm-none-eabi/9.3.1/thumb/v7e-m+fp/hard/crtbegin.o
 *(.init)
 .init          0x0000000008008558        0x4 c:/st/stm32cubeide_1.8.0/stm32cubeide/plugins/com.st.stm32cube.ide.mcu.externaltools.gnu-tools-for-stm32.9-2020-q2-update.win32_2.0.0.202105311346/tools/bin/../lib/gcc/arm-none-eabi/9.3.1/thumb/v7e-m+fp/hard/crti.o
                0x0000000008008558                _init
 .init          0x000000000800855c        0x8 c:/st/stm32cubeide_1.8.0/stm32cubeide/plugins/com.st.stm32cube.ide.mcu.externaltools.gnu-tools-for-stm32.9-2020-q2-update.win32_2.0.0.202105311346/tools/bin/../lib/gcc/arm-none-eabi/9.3.1/thumb/v7e-m+fp/hard/crtn.o
 *(.fini)
 .fini          0x0000000008008564        0x4 c:/st/stm32cubeide_1.8.0/stm32cubeide/plugins/com.st.stm32cube.ide.mcu.externaltools.gnu-tools-for-stm32.9-2020-q2-update.win32_2.0.0.202105311346/tools/bin/../lib/gcc/arm-none-eabi/9.3.1/thumb/v7e-m+fp/hard/crti.o
                0x0000000008008564                _fini
 .fini          0x0000000008008568        0x8 c:/st/stm32cubeide_1.8.0/stm32cubeide/plugins/com.st.stm32cube.ide.mcu.externaltools.gnu-tools-for-stm32.9-2020-q2-update.win32_2.0.0.202105311346/tools/bin/../lib/gcc/arm-none-eabi/9.3.1/thumb/v7e-m+fp/hard/crtn.o
                0x0000000008008570                . = ALIGN (0x4)
                0x0000000008008570                _etext = .

.vfp11_veneer   0x0000000008008570        0x0
 .vfp11_veneer  0x0000000008008570        0x0 linker stubs

.v4_bx          0x0000000008008570        0x0
 .v4_bx         0x0000000008008570        0x0 linker stubs

.iplt           0x0000000008008570        0x0
 .iplt          0x0000000008008570        0x0 c:/st/stm32cubeide_1.8.0/stm32cubeide/plugins/com.st.stm32cube.ide.mcu.externaltools.gnu-tools-for-stm32.9-2020-q2-update.win32_2.0.0.202105311346/tools/bin/../lib/gcc/arm-none-eabi/9.3.1/thumb/v7e-m+fp/hard/crtbegin.o

.rodata         0x0000000008008570      0x480
                0x0000000008008570                . = ALIGN (0x4)
 *(.rodata)
 .rodata        0x0000000008008570       0x4a ./Core/Src/main.o
 *fill*         0x00000000080085ba        0x2 
 .rodata        0x00000000080085bc       0x58 ./Core/Src/rtc.o
 .rodata        0x0000000008008614      0x317 ./Core/Src/task_handler.o
 *fill*         0x000000000800892b        0x1 
 .rodata        0x000000000800892c        0x5 ./common/ThirdParty/FreeRTOS/tasks.o
 *fill*         0x0000000008008931        0x3 
 .rodata        0x0000000008008934        0xd ./common/ThirdParty/FreeRTOS/timers.o
 *(.rodata*)
 *fill*         0x0000000008008941        0x3 
 .rodata.AHBPrescTable
                0x0000000008008944       0x10 ./Core/Src/system_stm32f4xx.o
                0x0000000008008944                AHBPrescTable
 .rodata.APBPrescTable
                0x0000000008008954        0x8 ./Core/Src/system_stm32f4xx.o
                0x0000000008008954                APBPrescTable
 .rodata.__sf_fake_stderr
                0x000000000800895c       0x20 c:/st/stm32cubeide_1.8.0/stm32cubeide/plugins/com.st.stm32cube.ide.mcu.externaltools.gnu-tools-for-stm32.9-2020-q2-update.win32_2.0.0.202105311346/tools/bin/../lib/gcc/arm-none-eabi/9.3.1/../../../../arm-none-eabi/lib/thumb/v7e-m+fp/hard\libc_nano.a(lib_a-findfp.o)
                0x000000000800895c                __sf_fake_stderr
 .rodata.__sf_fake_stdin
                0x000000000800897c       0x20 c:/st/stm32cubeide_1.8.0/stm32cubeide/plugins/com.st.stm32cube.ide.mcu.externaltools.gnu-tools-for-stm32.9-2020-q2-update.win32_2.0.0.202105311346/tools/bin/../lib/gcc/arm-none-eabi/9.3.1/../../../../arm-none-eabi/lib/thumb/v7e-m+fp/hard\libc_nano.a(lib_a-findfp.o)
                0x000000000800897c                __sf_fake_stdin
 .rodata.__sf_fake_stdout
                0x000000000800899c       0x20 c:/st/stm32cubeide_1.8.0/stm32cubeide/plugins/com.st.stm32cube.ide.mcu.externaltools.gnu-tools-for-stm32.9-2020-q2-update.win32_2.0.0.202105311346/tools/bin/../lib/gcc/arm-none-eabi/9.3.1/../../../../arm-none-eabi/lib/thumb/v7e-m+fp/hard\libc_nano.a(lib_a-findfp.o)
                0x000000000800899c                __sf_fake_stdout
 .rodata._svfprintf_r.str1.1
                0x00000000080089bc       0x11 c:/st/stm32cubeide_1.8.0/stm32cubeide/plugins/com.st.stm32cube.ide.mcu.externaltools.gnu-tools-for-stm32.9-2020-q2-update.win32_2.0.0.202105311346/tools/bin/../lib/gcc/arm-none-eabi/9.3.1/../../../../arm-none-eabi/lib/thumb/v7e-m+fp/hard\libc_nano.a(lib_a-nano-svfprintf.o)
 .rodata._printf_i.str1.1
                0x00000000080089cd       0x22 c:/st/stm32cubeide_1.8.0/stm32cubeide/plugins/com.st.stm32cube.ide.mcu.externaltools.gnu-tools-for-stm32.9-2020-q2-update.win32_2.0.0.202105311346/tools/bin/../lib/gcc/arm-none-eabi/9.3.1/../../../../arm-none-eabi/lib/thumb/v7e-m+fp/hard\libc_nano.a(lib_a-nano-vfprintf_i.o)
                0x00000000080089f0                . = ALIGN (0x4)
 *fill*         0x00000000080089ef        0x1 

.ARM.extab      0x00000000080089f0        0x0
                0x00000000080089f0                . = ALIGN (0x4)
 *(.ARM.extab* .gnu.linkonce.armextab.*)
                0x00000000080089f0                . = ALIGN (0x4)

.ARM            0x00000000080089f0        0x8
                0x00000000080089f0                . = ALIGN (0x4)
                0x00000000080089f0                __exidx_start = .
 *(.ARM.exidx*)
 .ARM.exidx     0x00000000080089f0        0x8 c:/st/stm32cubeide_1.8.0/stm32cubeide/plugins/com.st.stm32cube.ide.mcu.externaltools.gnu-tools-for-stm32.9-2020-q2-update.win32_2.0.0.202105311346/tools/bin/../lib/gcc/arm-none-eabi/9.3.1/thumb/v7e-m+fp/hard\libgcc.a(_udivmoddi4.o)
                0x00000000080089f8                __exidx_end = .
                0x00000000080089f8                . = ALIGN (0x4)

.rel.dyn        0x00000000080089f8        0x0
 .rel.iplt      0x00000000080089f8        0x0 c:/st/stm32cubeide_1.8.0/stm32cubeide/plugins/com.st.stm32cube.ide.mcu.externaltools.gnu-tools-for-stm32.9-2020-q2-update.win32_2.0.0.202105311346/tools/bin/../lib/gcc/arm-none-eabi/9.3.1/thumb/v7e-m+fp/hard/crtbegin.o

.preinit_array  0x00000000080089f8        0x0
                0x00000000080089f8                . = ALIGN (0x4)
                0x00000000080089f8                PROVIDE (__preinit_array_start = .)
 *(.preinit_array*)
                0x00000000080089f8                PROVIDE (__preinit_array_end = .)
                0x00000000080089f8                . = ALIGN (0x4)

.init_array     0x00000000080089f8        0x4
                0x00000000080089f8                . = ALIGN (0x4)
                0x00000000080089f8                PROVIDE (__init_array_start = .)
 *(SORT_BY_NAME(.init_array.*))
 *(.init_array*)
 .init_array    0x00000000080089f8        0x4 c:/st/stm32cubeide_1.8.0/stm32cubeide/plugins/com.st.stm32cube.ide.mcu.externaltools.gnu-tools-for-stm32.9-2020-q2-update.win32_2.0.0.202105311346/tools/bin/../lib/gcc/arm-none-eabi/9.3.1/thumb/v7e-m+fp/hard/crtbegin.o
                0x00000000080089fc                PROVIDE (__init_array_end = .)
                0x00000000080089fc                . = ALIGN (0x4)

.fini_array     0x00000000080089fc        0x4
                0x00000000080089fc                . = ALIGN (0x4)
                [!provide]                        PROVIDE (__fini_array_start = .)
 *(SORT_BY_NAME(.fini_array.*))
 *(.fini_array*)
 .fini_array    0x00000000080089fc        0x4 c:/st/stm32cubeide_1.8.0/stm32cubeide/plugins/com.st.stm32cube.ide.mcu.externaltools.gnu-tools-for-stm32.9-2020-q2-update.win32_2.0.0.202105311346/tools/bin/../lib/gcc/arm-none-eabi/9.3.1/thumb/v7e-m+fp/hard/crtbegin.o
                [!provide]                        PROVIDE (__fini_array_end = .)
                0x0000000008008a00                . = ALIGN (0x4)
                0x0000000008008a00                _sidata = LOADADDR (.data)

.data           0x0000000020000000       0x8c load address 0x0000000008008a00
                0x0000000020000000                . = ALIGN (0x4)
                0x0000000020000000                _sdata = .
 *(.data)
 *(.data*)
 .data.flag.10349
                0x0000000020000000        0x4 ./Core/Src/led_effect.o
 .data.flag.10353
                0x0000000020000004        0x4 ./Core/Src/led_effect.o
 .data.time.10329
                0x0000000020000008        0x4 ./Core/Src/rtc.o
 .data.date.10330
                0x000000002000000c        0x4 ./Core/Src/rtc.o
 .data.SystemCoreClock
                0x0000000020000010        0x4 ./Core/Src/system_stm32f4xx.o
                0x0000000020000010                SystemCoreClock
 .data.msg_invalid
                0x0000000020000014        0x4 ./Core/Src/task_handler.o
                0x0000000020000014                msg_invalid
 .data.uwTickPrio
                0x0000000020000018        0x4 ./Drivers/STM32F4xx_HAL_Driver/Src/stm32f4xx_hal.o
                0x0000000020000018                uwTickPrio
 .data.uwTickFreq
                0x000000002000001c        0x1 ./Drivers/STM32F4xx_HAL_Driver/Src/stm32f4xx_hal.o
                0x000000002000001c                uwTickFreq
 *fill*         0x000000002000001d        0x3 
 .data.uxTopUsedPriority
                0x0000000020000020        0x4 ./common/ThirdParty/FreeRTOS/tasks.o
                0x0000000020000020                uxTopUsedPriority
 .data.uxCriticalNesting
                0x0000000020000024        0x4 ./common/ThirdParty/FreeRTOS/portable/GCC/ARM_CM4F/port.o
 .data._impure_ptr
                0x0000000020000028        0x4 c:/st/stm32cubeide_1.8.0/stm32cubeide/plugins/com.st.stm32cube.ide.mcu.externaltools.gnu-tools-for-stm32.9-2020-q2-update.win32_2.0.0.202105311346/tools/bin/../lib/gcc/arm-none-eabi/9.3.1/../../../../arm-none-eabi/lib/thumb/v7e-m+fp/hard\libc_nano.a(lib_a-impure.o)
                0x0000000020000028                _impure_ptr
 .data.impure_data
                0x000000002000002c       0x60 c:/st/stm32cubeide_1.8.0/stm32cubeide/plugins/com.st.stm32cube.ide.mcu.externaltools.gnu-tools-for-stm32.9-2020-q2-update.win32_2.0.0.202105311346/tools/bin/../lib/gcc/arm-none-eabi/9.3.1/../../../../arm-none-eabi/lib/thumb/v7e-m+fp/hard\libc_nano.a(lib_a-impure.o)
 *(.RamFunc)
 *(.RamFunc*)
                0x000000002000008c                . = ALIGN (0x4)
                0x000000002000008c                _edata = .

.igot.plt       0x000000002000008c        0x0 load address 0x0000000008008a8c
 .igot.plt      0x000000002000008c        0x0 c:/st/stm32cubeide_1.8.0/stm32cubeide/plugins/com.st.stm32cube.ide.mcu.externaltools.gnu-tools-for-stm32.9-2020-q2-update.win32_2.0.0.202105311346/tools/bin/../lib/gcc/arm-none-eabi/9.3.1/thumb/v7e-m+fp/hard/crtbegin.o
                0x000000002000008c                . = ALIGN (0x4)

.bss            0x000000002000008c    0x12f20 load address 0x0000000008008a8c
                0x000000002000008c                _sbss = .
                0x000000002000008c                __bss_start__ = _sbss
 *(.bss)
 .bss           0x000000002000008c       0x1c c:/st/stm32cubeide_1.8.0/stm32cubeide/plugins/com.st.stm32cube.ide.mcu.externaltools.gnu-tools-for-stm32.9-2020-q2-update.win32_2.0.0.202105311346/tools/bin/../lib/gcc/arm-none-eabi/9.3.1/thumb/v7e-m+fp/hard/crtbegin.o
 *(.bss*)
 .bss.i.10357   0x00000000200000a8        0x4 ./Core/Src/led_effect.o
 .bss.i.10361   0x00000000200000ac        0x4 ./Core/Src/led_effect.o
 .bss.current_state
                0x00000000200000b0        0x1 ./Core/Src/main.o
                0x00000000200000b0                current_state
 *fill*         0x00000000200000b1        0x3 
 .bss.showtime.10325
                0x00000000200000b4       0x28 ./Core/Src/rtc.o
 .bss.showdate.10326
                0x00000000200000dc       0x28 ./Core/Src/rtc.o
 .bss.__sbrk_heap_end
                0x0000000020000104        0x4 ./Core/Src/sysmem.o
 .bss.rtc_state.10366
                0x0000000020000108        0x4 ./Core/Src/task_handler.o
 .bss.pxCurrentTCB
                0x000000002000010c        0x4 ./common/ThirdParty/FreeRTOS/tasks.o
                0x000000002000010c                pxCurrentTCB
 .bss.pxReadyTasksLists
                0x0000000020000110       0x64 ./common/ThirdParty/FreeRTOS/tasks.o
 .bss.xDelayedTaskList1
                0x0000000020000174       0x14 ./common/ThirdParty/FreeRTOS/tasks.o
 .bss.xDelayedTaskList2
                0x0000000020000188       0x14 ./common/ThirdParty/FreeRTOS/tasks.o
 .bss.pxDelayedTaskList
                0x000000002000019c        0x4 ./common/ThirdParty/FreeRTOS/tasks.o
 .bss.pxOverflowDelayedTaskList
                0x00000000200001a0        0x4 ./common/ThirdParty/FreeRTOS/tasks.o
 .bss.xPendingReadyList
                0x00000000200001a4       0x14 ./common/ThirdParty/FreeRTOS/tasks.o
 .bss.xTasksWaitingTermination
                0x00000000200001b8       0x14 ./common/ThirdParty/FreeRTOS/tasks.o
 .bss.uxDeletedTasksWaitingCleanUp
                0x00000000200001cc        0x4 ./common/ThirdParty/FreeRTOS/tasks.o
 .bss.xSuspendedTaskList
                0x00000000200001d0       0x14 ./common/ThirdParty/FreeRTOS/tasks.o
 .bss.uxCurrentNumberOfTasks
                0x00000000200001e4        0x4 ./common/ThirdParty/FreeRTOS/tasks.o
 .bss.xTickCount
                0x00000000200001e8        0x4 ./common/ThirdParty/FreeRTOS/tasks.o
 .bss.uxTopReadyPriority
                0x00000000200001ec        0x4 ./common/ThirdParty/FreeRTOS/tasks.o
 .bss.xSchedulerRunning
                0x00000000200001f0        0x4 ./common/ThirdParty/FreeRTOS/tasks.o
 .bss.xPendedTicks
                0x00000000200001f4        0x4 ./common/ThirdParty/FreeRTOS/tasks.o
 .bss.xYieldPending
                0x00000000200001f8        0x4 ./common/ThirdParty/FreeRTOS/tasks.o
 .bss.xNumOfOverflows
                0x00000000200001fc        0x4 ./common/ThirdParty/FreeRTOS/tasks.o
 .bss.uxTaskNumber
                0x0000000020000200        0x4 ./common/ThirdParty/FreeRTOS/tasks.o
 .bss.xNextTaskUnblockTime
                0x0000000020000204        0x4 ./common/ThirdParty/FreeRTOS/tasks.o
 .bss.xIdleTaskHandle
                0x0000000020000208        0x4 ./common/ThirdParty/FreeRTOS/tasks.o
 .bss.uxSchedulerSuspended
                0x000000002000020c        0x4 ./common/ThirdParty/FreeRTOS/tasks.o
 .bss.xActiveTimerList1
                0x0000000020000210       0x14 ./common/ThirdParty/FreeRTOS/timers.o
 .bss.xActiveTimerList2
                0x0000000020000224       0x14 ./common/ThirdParty/FreeRTOS/timers.o
 .bss.pxCurrentTimerList
                0x0000000020000238        0x4 ./common/ThirdParty/FreeRTOS/timers.o
 .bss.pxOverflowTimerList
                0x000000002000023c        0x4 ./common/ThirdParty/FreeRTOS/timers.o
 .bss.xTimerQueue
                0x0000000020000240        0x4 ./common/ThirdParty/FreeRTOS/timers.o
 .bss.xTimerTaskHandle
                0x0000000020000244        0x4 ./common/ThirdParty/FreeRTOS/timers.o
 .bss.xLastTime.6896
                0x0000000020000248        0x4 ./common/ThirdParty/FreeRTOS/timers.o
 .bss.ucMaxSysCallPriority
                0x000000002000024c        0x1 ./common/ThirdParty/FreeRTOS/portable/GCC/ARM_CM4F/port.o
 *fill*         0x000000002000024d        0x3 
 .bss.ulMaxPRIGROUPValue
                0x0000000020000250        0x4 ./common/ThirdParty/FreeRTOS/portable/GCC/ARM_CM4F/port.o
 .bss.ucHeap    0x0000000020000254    0x12c00 ./common/ThirdParty/FreeRTOS/portable/MemMang/heap_4.o
 .bss.xStart    0x0000000020012e54        0x8 ./common/ThirdParty/FreeRTOS/portable/MemMang/heap_4.o
 .bss.pxEnd     0x0000000020012e5c        0x4 ./common/ThirdParty/FreeRTOS/portable/MemMang/heap_4.o
 .bss.xFreeBytesRemaining
                0x0000000020012e60        0x4 ./common/ThirdParty/FreeRTOS/portable/MemMang/heap_4.o
 .bss.xMinimumEverFreeBytesRemaining
                0x0000000020012e64        0x4 ./common/ThirdParty/FreeRTOS/portable/MemMang/heap_4.o
 .bss.xNumberOfSuccessfulAllocations
                0x0000000020012e68        0x4 ./common/ThirdParty/FreeRTOS/portable/MemMang/heap_4.o
 .bss.xNumberOfSuccessfulFrees
                0x0000000020012e6c        0x4 ./common/ThirdParty/FreeRTOS/portable/MemMang/heap_4.o
 .bss.xBlockAllocatedBit
                0x0000000020012e70        0x4 ./common/ThirdParty/FreeRTOS/portable/MemMang/heap_4.o
 .bss.__malloc_free_list
                0x0000000020012e74        0x4 c:/st/stm32cubeide_1.8.0/stm32cubeide/plugins/com.st.stm32cube.ide.mcu.externaltools.gnu-tools-for-stm32.9-2020-q2-update.win32_2.0.0.202105311346/tools/bin/../lib/gcc/arm-none-eabi/9.3.1/../../../../arm-none-eabi/lib/thumb/v7e-m+fp/hard\libc_nano.a(lib_a-nano-mallocr.o)
                0x0000000020012e74                __malloc_free_list
 .bss.__malloc_sbrk_start
                0x0000000020012e78        0x4 c:/st/stm32cubeide_1.8.0/stm32cubeide/plugins/com.st.stm32cube.ide.mcu.externaltools.gnu-tools-for-stm32.9-2020-q2-update.win32_2.0.0.202105311346/tools/bin/../lib/gcc/arm-none-eabi/9.3.1/../../../../arm-none-eabi/lib/thumb/v7e-m+fp/hard\libc_nano.a(lib_a-nano-mallocr.o)
                0x0000000020012e78                __malloc_sbrk_start
 *(COMMON)
 COMMON         0x0000000020012e7c       0x94 ./Core/Src/main.o
                0x0000000020012e7c                handle_led_timer
                0x0000000020012e8c                handle_rtc_task
                0x0000000020012e90                q_data
                0x0000000020012e94                handle_command_task
                0x0000000020012e98                handle_menu_task
                0x0000000020012e9c                q_print
                0x0000000020012ea0                hrtc
                0x0000000020012ec0                handle_print_task
                0x0000000020012ec4                handle_led_task
                0x0000000020012ec8                user_data
                0x0000000020012ecc                huart2
 COMMON         0x0000000020012f10       0x48 ./Core/Src/stm32f4xx_hal_timebase_tim.o
                0x0000000020012f10                htim6
 COMMON         0x0000000020012f58        0x4 ./Drivers/STM32F4xx_HAL_Driver/Src/stm32f4xx_hal.o
                0x0000000020012f58                uwTick
 COMMON         0x0000000020012f5c       0x40 ./common/ThirdParty/FreeRTOS/queue.o
                0x0000000020012f5c                xQueueRegistry
 COMMON         0x0000000020012f9c        0x9 c:/st/stm32cubeide_1.8.0/stm32cubeide/plugins/com.st.stm32cube.ide.mcu.externaltools.gnu-tools-for-stm32.9-2020-q2-update.win32_2.0.0.202105311346/tools/bin/../lib/gcc/arm-none-eabi/9.3.1/../../../../arm-none-eabi/lib/thumb/v7e-m+fp/hard\libc_nano.a(lib_a-lock.o)
                0x0000000020012f9c                __lock___atexit_recursive_mutex
                0x0000000020012f9d                __lock___arc4random_mutex
                0x0000000020012f9e                __lock___env_recursive_mutex
                0x0000000020012f9f                __lock___sinit_recursive_mutex
                0x0000000020012fa0                __lock___malloc_recursive_mutex
                0x0000000020012fa1                __lock___at_quick_exit_mutex
                0x0000000020012fa2                __lock___dd_hash_mutex
                0x0000000020012fa3                __lock___tz_mutex
                0x0000000020012fa4                __lock___sfp_recursive_mutex
 *fill*         0x0000000020012fa5        0x3 
 COMMON         0x0000000020012fa8        0x4 c:/st/stm32cubeide_1.8.0/stm32cubeide/plugins/com.st.stm32cube.ide.mcu.externaltools.gnu-tools-for-stm32.9-2020-q2-update.win32_2.0.0.202105311346/tools/bin/../lib/gcc/arm-none-eabi/9.3.1/../../../../arm-none-eabi/lib/thumb/v7e-m+fp/hard\libc_nano.a(lib_a-reent.o)
                0x0000000020012fa8                errno
                0x0000000020012fac                . = ALIGN (0x4)
                0x0000000020012fac                _ebss = .
                0x0000000020012fac                __bss_end__ = _ebss

._user_heap_stack
                0x0000000020012fac      0x604 load address 0x0000000008008a8c
                0x0000000020012fb0                . = ALIGN (0x8)
 *fill*         0x0000000020012fac        0x4 
                [!provide]                        PROVIDE (end = .)
                0x0000000020012fb0                PROVIDE (_end = .)
                0x00000000200131b0                . = (. + _Min_Heap_Size)
 *fill*         0x0000000020012fb0      0x200 
                0x00000000200135b0                . = (. + _Min_Stack_Size)
 *fill*         0x00000000200131b0      0x400 
                0x00000000200135b0                . = ALIGN (0x8)

/DISCARD/
 libc.a(*)
 libm.a(*)
 libgcc.a(*)

.ARM.attributes
                0x0000000000000000       0x30
 *(.ARM.attributes)
 .ARM.attributes
                0x0000000000000000       0x1e c:/st/stm32cubeide_1.8.0/stm32cubeide/plugins/com.st.stm32cube.ide.mcu.externaltools.gnu-tools-for-stm32.9-2020-q2-update.win32_2.0.0.202105311346/tools/bin/../lib/gcc/arm-none-eabi/9.3.1/thumb/v7e-m+fp/hard/crti.o
 .ARM.attributes
                0x000000000000001e       0x34 c:/st/stm32cubeide_1.8.0/stm32cubeide/plugins/com.st.stm32cube.ide.mcu.externaltools.gnu-tools-for-stm32.9-2020-q2-update.win32_2.0.0.202105311346/tools/bin/../lib/gcc/arm-none-eabi/9.3.1/thumb/v7e-m+fp/hard/crtbegin.o
 .ARM.attributes
                0x0000000000000052       0x34 ./Core/Src/led_effect.o
 .ARM.attributes
                0x0000000000000086       0x34 ./Core/Src/main.o
 .ARM.attributes
                0x00000000000000ba       0x34 ./Core/Src/rtc.o
 .ARM.attributes
                0x00000000000000ee       0x34 ./Core/Src/stm32f4xx_hal_msp.o
 .ARM.attributes
                0x0000000000000122       0x34 ./Core/Src/stm32f4xx_hal_timebase_tim.o
 .ARM.attributes
                0x0000000000000156       0x34 ./Core/Src/stm32f4xx_it.o
 .ARM.attributes
                0x000000000000018a       0x34 ./Core/Src/sysmem.o
 .ARM.attributes
                0x00000000000001be       0x34 ./Core/Src/system_stm32f4xx.o
 .ARM.attributes
                0x00000000000001f2       0x34 ./Core/Src/task_handler.o
 .ARM.attributes
                0x0000000000000226       0x21 ./Core/Startup/startup_stm32f446retx.o
 .ARM.attributes
                0x0000000000000247       0x34 ./Drivers/STM32F4xx_HAL_Driver/Src/stm32f4xx_hal.o
 .ARM.attributes
                0x000000000000027b       0x34 ./Drivers/STM32F4xx_HAL_Driver/Src/stm32f4xx_hal_cortex.o
 .ARM.attributes
                0x00000000000002af       0x34 ./Drivers/STM32F4xx_HAL_Driver/Src/stm32f4xx_hal_dma.o
 .ARM.attributes
                0x00000000000002e3       0x34 ./Drivers/STM32F4xx_HAL_Driver/Src/stm32f4xx_hal_gpio.o
 .ARM.attributes
                0x0000000000000317       0x34 ./Drivers/STM32F4xx_HAL_Driver/Src/stm32f4xx_hal_rcc.o
 .ARM.attributes
                0x000000000000034b       0x34 ./Drivers/STM32F4xx_HAL_Driver/Src/stm32f4xx_hal_rcc_ex.o
 .ARM.attributes
                0x000000000000037f       0x34 ./Drivers/STM32F4xx_HAL_Driver/Src/stm32f4xx_hal_rtc.o
 .ARM.attributes
                0x00000000000003b3       0x34 ./Drivers/STM32F4xx_HAL_Driver/Src/stm32f4xx_hal_tim.o
 .ARM.attributes
                0x00000000000003e7       0x34 ./Drivers/STM32F4xx_HAL_Driver/Src/stm32f4xx_hal_tim_ex.o
 .ARM.attributes
                0x000000000000041b       0x34 ./Drivers/STM32F4xx_HAL_Driver/Src/stm32f4xx_hal_uart.o
 .ARM.attributes
                0x000000000000044f       0x34 ./common/ThirdParty/FreeRTOS/list.o
 .ARM.attributes
                0x0000000000000483       0x34 ./common/ThirdParty/FreeRTOS/queue.o
 .ARM.attributes
                0x00000000000004b7       0x34 ./common/ThirdParty/FreeRTOS/tasks.o
 .ARM.attributes
                0x00000000000004eb       0x34 ./common/ThirdParty/FreeRTOS/timers.o
 .ARM.attributes
                0x000000000000051f       0x34 ./common/ThirdParty/FreeRTOS/portable/GCC/ARM_CM4F/port.o
 .ARM.attributes
                0x0000000000000553       0x34 ./common/ThirdParty/FreeRTOS/portable/MemMang/heap_4.o
 .ARM.attributes
                0x0000000000000587       0x34 c:/st/stm32cubeide_1.8.0/stm32cubeide/plugins/com.st.stm32cube.ide.mcu.externaltools.gnu-tools-for-stm32.9-2020-q2-update.win32_2.0.0.202105311346/tools/bin/../lib/gcc/arm-none-eabi/9.3.1/../../../../arm-none-eabi/lib/thumb/v7e-m+fp/hard\libc_nano.a(lib_a-errno.o)
 .ARM.attributes
                0x00000000000005bb       0x32 c:/st/stm32cubeide_1.8.0/stm32cubeide/plugins/com.st.stm32cube.ide.mcu.externaltools.gnu-tools-for-stm32.9-2020-q2-update.win32_2.0.0.202105311346/tools/bin/../lib/gcc/arm-none-eabi/9.3.1/../../../../arm-none-eabi/lib/thumb/v7e-m+fp/hard\libc_nano.a(lib_a-impure.o)
 .ARM.attributes
                0x00000000000005ed       0x34 c:/st/stm32cubeide_1.8.0/stm32cubeide/plugins/com.st.stm32cube.ide.mcu.externaltools.gnu-tools-for-stm32.9-2020-q2-update.win32_2.0.0.202105311346/tools/bin/../lib/gcc/arm-none-eabi/9.3.1/../../../../arm-none-eabi/lib/thumb/v7e-m+fp/hard\libc_nano.a(lib_a-init.o)
 .ARM.attributes
                0x0000000000000621       0x34 c:/st/stm32cubeide_1.8.0/stm32cubeide/plugins/com.st.stm32cube.ide.mcu.externaltools.gnu-tools-for-stm32.9-2020-q2-update.win32_2.0.0.202105311346/tools/bin/../lib/gcc/arm-none-eabi/9.3.1/../../../../arm-none-eabi/lib/thumb/v7e-m+fp/hard\libc_nano.a(lib_a-memcpy-stub.o)
 .ARM.attributes
                0x0000000000000655       0x34 c:/st/stm32cubeide_1.8.0/stm32cubeide/plugins/com.st.stm32cube.ide.mcu.externaltools.gnu-tools-for-stm32.9-2020-q2-update.win32_2.0.0.202105311346/tools/bin/../lib/gcc/arm-none-eabi/9.3.1/../../../../arm-none-eabi/lib/thumb/v7e-m+fp/hard\libc_nano.a(lib_a-memset.o)
 .ARM.attributes
                0x0000000000000689       0x34 c:/st/stm32cubeide_1.8.0/stm32cubeide/plugins/com.st.stm32cube.ide.mcu.externaltools.gnu-tools-for-stm32.9-2020-q2-update.win32_2.0.0.202105311346/tools/bin/../lib/gcc/arm-none-eabi/9.3.1/../../../../arm-none-eabi/lib/thumb/v7e-m+fp/hard\libc_nano.a(lib_a-sprintf.o)
 .ARM.attributes
                0x00000000000006bd       0x1c c:/st/stm32cubeide_1.8.0/stm32cubeide/plugins/com.st.stm32cube.ide.mcu.externaltools.gnu-tools-for-stm32.9-2020-q2-update.win32_2.0.0.202105311346/tools/bin/../lib/gcc/arm-none-eabi/9.3.1/../../../../arm-none-eabi/lib/thumb/v7e-m+fp/hard\libc_nano.a(lib_a-strcmp.o)
 .ARM.attributes
                0x00000000000006d9       0x17 c:/st/stm32cubeide_1.8.0/stm32cubeide/plugins/com.st.stm32cube.ide.mcu.externaltools.gnu-tools-for-stm32.9-2020-q2-update.win32_2.0.0.202105311346/tools/bin/../lib/gcc/arm-none-eabi/9.3.1/../../../../arm-none-eabi/lib/thumb/v7e-m+fp/hard\libc_nano.a(lib_a-strlen.o)
 .ARM.attributes
                0x00000000000006f0       0x34 c:/st/stm32cubeide_1.8.0/stm32cubeide/plugins/com.st.stm32cube.ide.mcu.externaltools.gnu-tools-for-stm32.9-2020-q2-update.win32_2.0.0.202105311346/tools/bin/../lib/gcc/arm-none-eabi/9.3.1/../../../../arm-none-eabi/lib/thumb/v7e-m+fp/hard\libc_nano.a(lib_a-findfp.o)
 .ARM.attributes
                0x0000000000000724       0x34 c:/st/stm32cubeide_1.8.0/stm32cubeide/plugins/com.st.stm32cube.ide.mcu.externaltools.gnu-tools-for-stm32.9-2020-q2-update.win32_2.0.0.202105311346/tools/bin/../lib/gcc/arm-none-eabi/9.3.1/../../../../arm-none-eabi/lib/thumb/v7e-m+fp/hard\libc_nano.a(lib_a-lock.o)
 .ARM.attributes
                0x0000000000000758       0x34 c:/st/stm32cubeide_1.8.0/stm32cubeide/plugins/com.st.stm32cube.ide.mcu.externaltools.gnu-tools-for-stm32.9-2020-q2-update.win32_2.0.0.202105311346/tools/bin/../lib/gcc/arm-none-eabi/9.3.1/../../../../arm-none-eabi/lib/thumb/v7e-m+fp/hard\libc_nano.a(lib_a-nano-mallocr.o)
 .ARM.attributes
                0x000000000000078c       0x34 c:/st/stm32cubeide_1.8.0/stm32cubeide/plugins/com.st.stm32cube.ide.mcu.externaltools.gnu-tools-for-stm32.9-2020-q2-update.win32_2.0.0.202105311346/tools/bin/../lib/gcc/arm-none-eabi/9.3.1/../../../../arm-none-eabi/lib/thumb/v7e-m+fp/hard\libc_nano.a(lib_a-nano-svfprintf.o)
 .ARM.attributes
                0x00000000000007c0       0x34 c:/st/stm32cubeide_1.8.0/stm32cubeide/plugins/com.st.stm32cube.ide.mcu.externaltools.gnu-tools-for-stm32.9-2020-q2-update.win32_2.0.0.202105311346/tools/bin/../lib/gcc/arm-none-eabi/9.3.1/../../../../arm-none-eabi/lib/thumb/v7e-m+fp/hard\libc_nano.a(lib_a-nano-vfprintf_i.o)
 .ARM.attributes
                0x00000000000007f4       0x34 c:/st/stm32cubeide_1.8.0/stm32cubeide/plugins/com.st.stm32cube.ide.mcu.externaltools.gnu-tools-for-stm32.9-2020-q2-update.win32_2.0.0.202105311346/tools/bin/../lib/gcc/arm-none-eabi/9.3.1/../../../../arm-none-eabi/lib/thumb/v7e-m+fp/hard\libc_nano.a(lib_a-sbrkr.o)
 .ARM.attributes
                0x0000000000000828       0x1c c:/st/stm32cubeide_1.8.0/stm32cubeide/plugins/com.st.stm32cube.ide.mcu.externaltools.gnu-tools-for-stm32.9-2020-q2-update.win32_2.0.0.202105311346/tools/bin/../lib/gcc/arm-none-eabi/9.3.1/../../../../arm-none-eabi/lib/thumb/v7e-m+fp/hard\libc_nano.a(lib_a-memchr.o)
 .ARM.attributes
                0x0000000000000844       0x34 c:/st/stm32cubeide_1.8.0/stm32cubeide/plugins/com.st.stm32cube.ide.mcu.externaltools.gnu-tools-for-stm32.9-2020-q2-update.win32_2.0.0.202105311346/tools/bin/../lib/gcc/arm-none-eabi/9.3.1/../../../../arm-none-eabi/lib/thumb/v7e-m+fp/hard\libc_nano.a(lib_a-memmove.o)
 .ARM.attributes
                0x0000000000000878       0x34 c:/st/stm32cubeide_1.8.0/stm32cubeide/plugins/com.st.stm32cube.ide.mcu.externaltools.gnu-tools-for-stm32.9-2020-q2-update.win32_2.0.0.202105311346/tools/bin/../lib/gcc/arm-none-eabi/9.3.1/../../../../arm-none-eabi/lib/thumb/v7e-m+fp/hard\libc_nano.a(lib_a-mlock.o)
 .ARM.attributes
                0x00000000000008ac       0x34 c:/st/stm32cubeide_1.8.0/stm32cubeide/plugins/com.st.stm32cube.ide.mcu.externaltools.gnu-tools-for-stm32.9-2020-q2-update.win32_2.0.0.202105311346/tools/bin/../lib/gcc/arm-none-eabi/9.3.1/../../../../arm-none-eabi/lib/thumb/v7e-m+fp/hard\libc_nano.a(lib_a-nano-freer.o)
 .ARM.attributes
                0x00000000000008e0       0x34 c:/st/stm32cubeide_1.8.0/stm32cubeide/plugins/com.st.stm32cube.ide.mcu.externaltools.gnu-tools-for-stm32.9-2020-q2-update.win32_2.0.0.202105311346/tools/bin/../lib/gcc/arm-none-eabi/9.3.1/../../../../arm-none-eabi/lib/thumb/v7e-m+fp/hard\libc_nano.a(lib_a-nano-reallocr.o)
 .ARM.attributes
                0x0000000000000914       0x34 c:/st/stm32cubeide_1.8.0/stm32cubeide/plugins/com.st.stm32cube.ide.mcu.externaltools.gnu-tools-for-stm32.9-2020-q2-update.win32_2.0.0.202105311346/tools/bin/../lib/gcc/arm-none-eabi/9.3.1/../../../../arm-none-eabi/lib/thumb/v7e-m+fp/hard\libc_nano.a(lib_a-reent.o)
 .ARM.attributes
                0x0000000000000948       0x34 c:/st/stm32cubeide_1.8.0/stm32cubeide/plugins/com.st.stm32cube.ide.mcu.externaltools.gnu-tools-for-stm32.9-2020-q2-update.win32_2.0.0.202105311346/tools/bin/../lib/gcc/arm-none-eabi/9.3.1/../../../../arm-none-eabi/lib/thumb/v7e-m+fp/hard\libc_nano.a(lib_a-nano-msizer.o)
 .ARM.attributes
                0x000000000000097c       0x1e c:/st/stm32cubeide_1.8.0/stm32cubeide/plugins/com.st.stm32cube.ide.mcu.externaltools.gnu-tools-for-stm32.9-2020-q2-update.win32_2.0.0.202105311346/tools/bin/../lib/gcc/arm-none-eabi/9.3.1/thumb/v7e-m+fp/hard\libgcc.a(_aeabi_uldivmod.o)
 .ARM.attributes
                0x000000000000099a       0x34 c:/st/stm32cubeide_1.8.0/stm32cubeide/plugins/com.st.stm32cube.ide.mcu.externaltools.gnu-tools-for-stm32.9-2020-q2-update.win32_2.0.0.202105311346/tools/bin/../lib/gcc/arm-none-eabi/9.3.1/thumb/v7e-m+fp/hard\libgcc.a(_udivmoddi4.o)
 .ARM.attributes
                0x00000000000009ce       0x1e c:/st/stm32cubeide_1.8.0/stm32cubeide/plugins/com.st.stm32cube.ide.mcu.externaltools.gnu-tools-for-stm32.9-2020-q2-update.win32_2.0.0.202105311346/tools/bin/../lib/gcc/arm-none-eabi/9.3.1/thumb/v7e-m+fp/hard\libgcc.a(_dvmd_tls.o)
 .ARM.attributes
                0x00000000000009ec       0x1e c:/st/stm32cubeide_1.8.0/stm32cubeide/plugins/com.st.stm32cube.ide.mcu.externaltools.gnu-tools-for-stm32.9-2020-q2-update.win32_2.0.0.202105311346/tools/bin/../lib/gcc/arm-none-eabi/9.3.1/thumb/v7e-m+fp/hard/crtn.o
OUTPUT(008Queue_n_Timer.elf elf32-littlearm)
LOAD linker stubs
LOAD c:/st/stm32cubeide_1.8.0/stm32cubeide/plugins/com.st.stm32cube.ide.mcu.externaltools.gnu-tools-for-stm32.9-2020-q2-update.win32_2.0.0.202105311346/tools/bin/../lib/gcc/arm-none-eabi/9.3.1/../../../../arm-none-eabi/lib/thumb/v7e-m+fp/hard\libc.a
LOAD c:/st/stm32cubeide_1.8.0/stm32cubeide/plugins/com.st.stm32cube.ide.mcu.externaltools.gnu-tools-for-stm32.9-2020-q2-update.win32_2.0.0.202105311346/tools/bin/../lib/gcc/arm-none-eabi/9.3.1/../../../../arm-none-eabi/lib/thumb/v7e-m+fp/hard\libm.a
LOAD c:/st/stm32cubeide_1.8.0/stm32cubeide/plugins/com.st.stm32cube.ide.mcu.externaltools.gnu-tools-for-stm32.9-2020-q2-update.win32_2.0.0.202105311346/tools/bin/../lib/gcc/arm-none-eabi/9.3.1/thumb/v7e-m+fp/hard\libgcc.a

.debug_info     0x0000000000000000    0x1f37f
 .debug_info    0x0000000000000000     0x1578 ./Core/Src/led_effect.o
 .debug_info    0x0000000000001578     0x218c ./Core/Src/main.o
 .debug_info    0x0000000000003704     0x1589 ./Core/Src/rtc.o
 .debug_info    0x0000000000004c8d     0x1b90 ./Core/Src/stm32f4xx_hal_msp.o
 .debug_info    0x000000000000681d      0xcc2 ./Core/Src/stm32f4xx_hal_timebase_tim.o
 .debug_info    0x00000000000074df     0x172e ./Core/Src/stm32f4xx_it.o
 .debug_info    0x0000000000008c0d      0xa25 ./Core/Src/sysmem.o
 .debug_info    0x0000000000009632      0x5dc ./Core/Src/system_stm32f4xx.o
 .debug_info    0x0000000000009c0e     0x1897 ./Core/Src/task_handler.o
 .debug_info    0x000000000000b4a5       0x22 ./Core/Startup/startup_stm32f446retx.o
 .debug_info    0x000000000000b4c7      0xa08 ./Drivers/STM32F4xx_HAL_Driver/Src/stm32f4xx_hal.o
 .debug_info    0x000000000000becf      0xef5 ./Drivers/STM32F4xx_HAL_Driver/Src/stm32f4xx_hal_cortex.o
 .debug_info    0x000000000000cdc4      0x9f1 ./Drivers/STM32F4xx_HAL_Driver/Src/stm32f4xx_hal_dma.o
 .debug_info    0x000000000000d7b5      0x892 ./Drivers/STM32F4xx_HAL_Driver/Src/stm32f4xx_hal_gpio.o
 .debug_info    0x000000000000e047      0x9db ./Drivers/STM32F4xx_HAL_Driver/Src/stm32f4xx_hal_rcc.o
 .debug_info    0x000000000000ea22      0xa86 ./Drivers/STM32F4xx_HAL_Driver/Src/stm32f4xx_hal_rcc_ex.o
 .debug_info    0x000000000000f4a8      0xd41 ./Drivers/STM32F4xx_HAL_Driver/Src/stm32f4xx_hal_rtc.o
 .debug_info    0x00000000000101e9     0x2c22 ./Drivers/STM32F4xx_HAL_Driver/Src/stm32f4xx_hal_tim.o
 .debug_info    0x0000000000012e0b     0x15a2 ./Drivers/STM32F4xx_HAL_Driver/Src/stm32f4xx_hal_tim_ex.o
 .debug_info    0x00000000000143ad     0x31de ./Drivers/STM32F4xx_HAL_Driver/Src/stm32f4xx_hal_uart.o
 .debug_info    0x000000000001758b      0xb82 ./common/ThirdParty/FreeRTOS/list.o
 .debug_info    0x000000000001810d     0x1fdf ./common/ThirdParty/FreeRTOS/queue.o
 .debug_info    0x000000000001a0ec     0x2a07 ./common/ThirdParty/FreeRTOS/tasks.o
 .debug_info    0x000000000001caf3     0x1567 ./common/ThirdParty/FreeRTOS/timers.o
 .debug_info    0x000000000001e05a      0x599 ./common/ThirdParty/FreeRTOS/portable/GCC/ARM_CM4F/port.o
 .debug_info    0x000000000001e5f3      0xd8c ./common/ThirdParty/FreeRTOS/portable/MemMang/heap_4.o

.debug_abbrev   0x0000000000000000     0x3be1
 .debug_abbrev  0x0000000000000000      0x238 ./Core/Src/led_effect.o
 .debug_abbrev  0x0000000000000238      0x368 ./Core/Src/main.o
 .debug_abbrev  0x00000000000005a0      0x222 ./Core/Src/rtc.o
 .debug_abbrev  0x00000000000007c2      0x23d ./Core/Src/stm32f4xx_hal_msp.o
 .debug_abbrev  0x00000000000009ff      0x1bf ./Core/Src/stm32f4xx_hal_timebase_tim.o
 .debug_abbrev  0x0000000000000bbe      0x1f3 ./Core/Src/stm32f4xx_it.o
 .debug_abbrev  0x0000000000000db1      0x1bf ./Core/Src/sysmem.o
 .debug_abbrev  0x0000000000000f70      0x145 ./Core/Src/system_stm32f4xx.o
 .debug_abbrev  0x00000000000010b5      0x2e9 ./Core/Src/task_handler.o
 .debug_abbrev  0x000000000000139e       0x12 ./Core/Startup/startup_stm32f446retx.o
 .debug_abbrev  0x00000000000013b0      0x1ed ./Drivers/STM32F4xx_HAL_Driver/Src/stm32f4xx_hal.o
 .debug_abbrev  0x000000000000159d      0x33c ./Drivers/STM32F4xx_HAL_Driver/Src/stm32f4xx_hal_cortex.o
 .debug_abbrev  0x00000000000018d9      0x259 ./Drivers/STM32F4xx_HAL_Driver/Src/stm32f4xx_hal_dma.o
 .debug_abbrev  0x0000000000001b32      0x1f1 ./Drivers/STM32F4xx_HAL_Driver/Src/stm32f4xx_hal_gpio.o
 .debug_abbrev  0x0000000000001d23      0x275 ./Drivers/STM32F4xx_HAL_Driver/Src/stm32f4xx_hal_rcc.o
 .debug_abbrev  0x0000000000001f98      0x1e2 ./Drivers/STM32F4xx_HAL_Driver/Src/stm32f4xx_hal_rcc_ex.o
 .debug_abbrev  0x000000000000217a      0x1e4 ./Drivers/STM32F4xx_HAL_Driver/Src/stm32f4xx_hal_rtc.o
 .debug_abbrev  0x000000000000235e      0x25e ./Drivers/STM32F4xx_HAL_Driver/Src/stm32f4xx_hal_tim.o
 .debug_abbrev  0x00000000000025bc      0x266 ./Drivers/STM32F4xx_HAL_Driver/Src/stm32f4xx_hal_tim_ex.o
 .debug_abbrev  0x0000000000002822      0x2eb ./Drivers/STM32F4xx_HAL_Driver/Src/stm32f4xx_hal_uart.o
 .debug_abbrev  0x0000000000002b0d      0x1f7 ./common/ThirdParty/FreeRTOS/list.o
 .debug_abbrev  0x0000000000002d04      0x333 ./common/ThirdParty/FreeRTOS/queue.o
 .debug_abbrev  0x0000000000003037      0x3a9 ./common/ThirdParty/FreeRTOS/tasks.o
 .debug_abbrev  0x00000000000033e0      0x2fd ./common/ThirdParty/FreeRTOS/timers.o
 .debug_abbrev  0x00000000000036dd      0x231 ./common/ThirdParty/FreeRTOS/portable/GCC/ARM_CM4F/port.o
 .debug_abbrev  0x000000000000390e      0x2d3 ./common/ThirdParty/FreeRTOS/portable/MemMang/heap_4.o

.debug_aranges  0x0000000000000000     0x13e0
 .debug_aranges
                0x0000000000000000       0x70 ./Core/Src/led_effect.o
 .debug_aranges
                0x0000000000000070       0x60 ./Core/Src/main.o
 .debug_aranges
                0x00000000000000d0       0x40 ./Core/Src/rtc.o
 .debug_aranges
                0x0000000000000110       0x40 ./Core/Src/stm32f4xx_hal_msp.o
 .debug_aranges
                0x0000000000000150       0x30 ./Core/Src/stm32f4xx_hal_timebase_tim.o
 .debug_aranges
                0x0000000000000180       0x60 ./Core/Src/stm32f4xx_it.o
 .debug_aranges
                0x00000000000001e0       0x20 ./Core/Src/sysmem.o
 .debug_aranges
                0x0000000000000200       0x28 ./Core/Src/system_stm32f4xx.o
 .debug_aranges
                0x0000000000000228       0x58 ./Core/Src/task_handler.o
 .debug_aranges
                0x0000000000000280       0x28 ./Core/Startup/startup_stm32f446retx.o
 .debug_aranges
                0x00000000000002a8       0xf0 ./Drivers/STM32F4xx_HAL_Driver/Src/stm32f4xx_hal.o
 .debug_aranges
                0x0000000000000398      0x118 ./Drivers/STM32F4xx_HAL_Driver/Src/stm32f4xx_hal_cortex.o
 .debug_aranges
                0x00000000000004b0       0x90 ./Drivers/STM32F4xx_HAL_Driver/Src/stm32f4xx_hal_dma.o
 .debug_aranges
                0x0000000000000540       0x58 ./Drivers/STM32F4xx_HAL_Driver/Src/stm32f4xx_hal_gpio.o
 .debug_aranges
                0x0000000000000598       0x88 ./Drivers/STM32F4xx_HAL_Driver/Src/stm32f4xx_hal_rcc.o
 .debug_aranges
                0x0000000000000620       0x78 ./Drivers/STM32F4xx_HAL_Driver/Src/stm32f4xx_hal_rcc_ex.o
 .debug_aranges
                0x0000000000000698       0xe0 ./Drivers/STM32F4xx_HAL_Driver/Src/stm32f4xx_hal_rtc.o
 .debug_aranges
                0x0000000000000778      0x3d0 ./Drivers/STM32F4xx_HAL_Driver/Src/stm32f4xx_hal_tim.o
 .debug_aranges
                0x0000000000000b48      0x168 ./Drivers/STM32F4xx_HAL_Driver/Src/stm32f4xx_hal_tim_ex.o
 .debug_aranges
                0x0000000000000cb0      0x200 ./Drivers/STM32F4xx_HAL_Driver/Src/stm32f4xx_hal_uart.o
 .debug_aranges
                0x0000000000000eb0       0x40 ./common/ThirdParty/FreeRTOS/list.o
 .debug_aranges
                0x0000000000000ef0      0x130 ./common/ThirdParty/FreeRTOS/queue.o
 .debug_aranges
                0x0000000000001020      0x208 ./common/ThirdParty/FreeRTOS/tasks.o
 .debug_aranges
                0x0000000000001228       0xd8 ./common/ThirdParty/FreeRTOS/timers.o
 .debug_aranges
                0x0000000000001300       0x88 ./common/ThirdParty/FreeRTOS/portable/GCC/ARM_CM4F/port.o
 .debug_aranges
                0x0000000000001388       0x58 ./common/ThirdParty/FreeRTOS/portable/MemMang/heap_4.o

.debug_ranges   0x0000000000000000     0x1278
 .debug_ranges  0x0000000000000000       0x60 ./Core/Src/led_effect.o
 .debug_ranges  0x0000000000000060       0x50 ./Core/Src/main.o
 .debug_ranges  0x00000000000000b0       0x30 ./Core/Src/rtc.o
 .debug_ranges  0x00000000000000e0       0x30 ./Core/Src/stm32f4xx_hal_msp.o
 .debug_ranges  0x0000000000000110       0x20 ./Core/Src/stm32f4xx_hal_timebase_tim.o