23:40:06 **** Incremental Build of configuration Debug for project 001Tasks ****
make -j4 all 
arm-none-eabi-gcc "../Core/Src/main.c" -mcpu=cortex-m4 -std=gnu11 -g3 -DDEBUG -DUSE_HAL_DRIVER -DSTM32F446xx -c -I../Core/Inc -I"C:/Users/Fam. Landeros Franco/Desktop/Embedded Systems/FreeRTOS course/workspace/RTOS_workspace/001Tasks/ThirdParty/SEGGER/Config" -I"C:/Users/Fam. Landeros Franco/Desktop/Embedded Systems/FreeRTOS course/workspace/RTOS_workspace/001Tasks/ThirdParty/SEGGER/OS" -I"C:/Users/Fam. Landeros Franco/Desktop/Embedded Systems/FreeRTOS course/workspace/RTOS_workspace/001Tasks/ThirdParty/SEGGER/SEGGER" -I"C:/Users/Fam. Landeros Franco/Desktop/Embedded Systems/FreeRTOS course/workspace/RTOS_workspace/001Tasks/ThirdParty/FreeRTOS" -I"C:/Users/Fam. Landeros Franco/Desktop/Embedded Systems/FreeRTOS course/workspace/RTOS_workspace/001Tasks/ThirdParty/FreeRTOS/include" -I"C:/Users/Fam. Landeros Franco/Desktop/Embedded Systems/FreeRTOS course/workspace/RTOS_workspace/001Tasks/ThirdParty/FreeRTOS/portable/GCC/ARM_CM4F" -I../Drivers/STM32F4xx_HAL_Driver/Inc -I../Drivers/STM32F4xx_HAL_Driver/Inc/Legacy -I../Drivers/CMSIS/Device/ST/STM32F4xx/Include -I../Drivers/CMSIS/Include -O0 -ffunction-sections -fdata-sections -Wall -fstack-usage -MMD -MP -MF"Core/Src/main.d" -MT"Core/Src/main.o" --specs=nano.specs -mfpu=fpv4-sp-d16 -mfloat-abi=hard -mthumb -o "Core/Src/main.o"
arm-none-eabi-gcc -o "001Tasks.elf" @"objects.list"   -mcpu=cortex-m4 -T"C:\Users\Fam. Landeros Franco\Desktop\Embedded Systems\FreeRTOS course\workspace\RTOS_workspace\001Tasks\STM32F446RETX_FLASH.ld" --specs=nosys.specs -Wl,-Map="001Tasks.map" -Wl,--gc-sections -static --specs=nano.specs -mfpu=fpv4-sp-d16 -mfloat-abi=hard -mthumb -Wl,--start-group -lc -lm -Wl,--end-group
Finished building target: 001Tasks.elf
 
arm-none-eabi-size   001Tasks.elf 
arm-none-eabi-objdump -h -S  001Tasks.elf  > "001Tasks.list"
arm-none-eabi-objcopy  -O binary  001Tasks.elf  "001Tasks.bin"
   text	   data	    bss	    dec	    hex	filename
  26180	    136	  84528	 110844	  1b0fc	001Tasks.elf
Finished building: default.size.stdout
 
Finished building: 001Tasks.bin
 
Finished building: 001Tasks.list
 

23:40:09 Build Finished. 0 errors, 0 warnings. (took 3s.91ms)

