02:07:33 **** Incremental Build of configuration Debug for project 002LED_Tasks ****
make -j4 all 
arm-none-eabi-gcc "C:/Users/Fam. Landeros Franco/Desktop/Embedded Systems/FreeRTOS course/workspace/RTOS_workspace/common/ThirdParty/SEGGER/OS/SEGGER_SYSVIEW_FreeRTOS.c" -mcpu=cortex-m4 -std=gnu11 -g3 -DDEBUG -DUSE_HAL_DRIVER -DSTM32F446xx -c -I../Core/Inc -I../Drivers/STM32F4xx_HAL_Driver/Inc -I../Drivers/STM32F4xx_HAL_Driver/Inc/Legacy -I../Drivers/CMSIS/Device/ST/STM32F4xx/Include -I../Drivers/CMSIS/Include -I"C:/Users/Fam. Landeros Franco/Desktop/Embedded Systems/FreeRTOS course/workspace/RTOS_workspace/common/ThirdParty/FreeRTOS/include" -I"C:/Users/Fam. Landeros Franco/Desktop/Embedded Systems/FreeRTOS course/workspace/RTOS_workspace/common/ThirdParty/FreeRTOS/portable/GCC/ARM_CM4F" -I"C:/Users/Fam. Landeros Franco/Desktop/Embedded Systems/FreeRTOS course/workspace/RTOS_workspace/common/ThirdParty/SEGGER/Config" -I"C:/Users/Fam. Landeros Franco/Desktop/Embedded Systems/FreeRTOS course/workspace/RTOS_workspace/common/ThirdParty/SEGGER/OS" -I"C:/Users/Fam. Landeros Franco/Desktop/Embedded Systems/FreeRTOS course/workspace/RTOS_workspace/common/ThirdParty/SEGGER/SEGGER" -O0 -ffunction-sections -fdata-sections -Wall -fstack-usage -MMD -MP -MF"common/ThirdParty/SEGGER/OS/SEGGER_SYSVIEW_FreeRTOS.d" -MT"common/ThirdParty/SEGGER/OS/SEGGER_SYSVIEW_FreeRTOS.o" --specs=nano.specs -mfpu=fpv4-sp-d16 -mfloat-abi=hard -mthumb -o "common/ThirdParty/SEGGER/OS/SEGGER_SYSVIEW_FreeRTOS.o"
arm-none-eabi-gcc "C:/Users/Fam. Landeros Franco/Desktop/Embedded Systems/FreeRTOS course/workspace/RTOS_workspace/common/ThirdParty/SEGGER/Config/SEGGER_SYSVIEW_Config_FreeRTOS.c" -mcpu=cortex-m4 -std=gnu11 -g3 -DDEBUG -DUSE_HAL_DRIVER -DSTM32F446xx -c -I../Core/Inc -I../Drivers/STM32F4xx_HAL_Driver/Inc -I../Drivers/STM32F4xx_HAL_Driver/Inc/Legacy -I../Drivers/CMSIS/Device/ST/STM32F4xx/Include -I../Drivers/CMSIS/Include -I"C:/Users/Fam. Landeros Franco/Desktop/Embedded Systems/FreeRTOS course/workspace/RTOS_workspace/common/ThirdParty/FreeRTOS/include" -I"C:/Users/Fam. Landeros Franco/Desktop/Embedded Systems/FreeRTOS course/workspace/RTOS_workspace/common/ThirdParty/FreeRTOS/portable/GCC/ARM_CM4F" -I"C:/Users/Fam. Landeros Franco/Desktop/Embedded Systems/FreeRTOS course/workspace/RTOS_workspace/common/ThirdParty/SEGGER/Config" -I"C:/Users/Fam. Landeros Franco/Desktop/Embedded Systems/FreeRTOS course/workspace/RTOS_workspace/common/ThirdParty/SEGGER/OS" -I"C:/Users/Fam. Landeros Franco/Desktop/Embedded Systems/FreeRTOS course/workspace/RTOS_workspace/common/ThirdParty/SEGGER/SEGGER" -O0 -ffunction-sections -fdata-sections -Wall -fstack-usage -MMD -MP -MF"common/ThirdParty/SEGGER/Config/SEGGER_SYSVIEW_Config_FreeRTOS.d" -MT"common/ThirdParty/SEGGER/Config/SEGGER_SYSVIEW_Config_FreeRTOS.o" --specs=nano.specs -mfpu=fpv4-sp-d16 -mfloat-abi=hard -mthumb -o "common/ThirdParty/SEGGER/Config/SEGGER_SYSVIEW_Config_FreeRTOS.o"
arm-none-eabi-gcc "C:/Users/Fam. Landeros Franco/Desktop/Embedded Systems/FreeRTOS course/workspace/RTOS_workspace/common/ThirdParty/FreeRTOS/portable/MemMang/heap_4.c" -mcpu=cortex-m4 -std=gnu11 -g3 -DDEBUG -DUSE_HAL_DRIVER -DSTM32F446xx -c -I../Core/Inc -I../Drivers/STM32F4xx_HAL_Driver/Inc -I../Drivers/STM32F4xx_HAL_Driver/Inc/Legacy -I../Drivers/CMSIS/Device/ST/STM32F4xx/Include -I../Drivers/CMSIS/Include -I"C:/Users/Fam. Landeros Franco/Desktop/Embedded Systems/FreeRTOS course/workspace/RTOS_workspace/common/ThirdParty/FreeRTOS/include" -I"C:/Users/Fam. Landeros Franco/Desktop/Embedded Systems/FreeRTOS course/workspace/RTOS_workspace/common/ThirdParty/FreeRTOS/portable/GCC/ARM_CM4F" -I"C:/Users/Fam. Landeros Franco/Desktop/Embedded Systems/FreeRTOS course/workspace/RTOS_workspace/common/ThirdParty/SEGGER/Config" -I"C:/Users/Fam. Landeros Franco/Desktop/Embedded Systems/FreeRTOS course/workspace/RTOS_workspace/common/ThirdParty/SEGGER/OS" -I"C:/Users/Fam. Landeros Franco/Desktop/Embedded Systems/FreeRTOS course/workspace/RTOS_workspace/common/ThirdParty/SEGGER/SEGGER" -O0 -ffunction-sections -fdata-sections -Wall -fstack-usage -MMD -MP -MF"common/ThirdParty/FreeRTOS/portable/MemMang/heap_4.d" -MT"common/ThirdParty/FreeRTOS/portable/MemMang/heap_4.o" --specs=nano.specs -mfpu=fpv4-sp-d16 -mfloat-abi=hard -mthumb -o "common/ThirdParty/FreeRTOS/portable/MemMang/heap_4.o"
arm-none-eabi-gcc "C:/Users/Fam. Landeros Franco/Desktop/Embedded Systems/FreeRTOS course/workspace/RTOS_workspace/common/ThirdParty/FreeRTOS/portable/GCC/ARM_CM4F/port.c" -mcpu=cortex-m4 -std=gnu11 -g3 -DDEBUG -DUSE_HAL_DRIVER -DSTM32F446xx -c -I../Core/Inc -I../Drivers/STM32F4xx_HAL_Driver/Inc -I../Drivers/STM32F4xx_HAL_Driver/Inc/Legacy -I../Drivers/CMSIS/Device/ST/STM32F4xx/Include -I../Drivers/CMSIS/Include -I"C:/Users/Fam. Landeros Franco/Desktop/Embedded Systems/FreeRTOS course/workspace/RTOS_workspace/common/ThirdParty/FreeRTOS/include" -I"C:/Users/Fam. Landeros Franco/Desktop/Embedded Systems/FreeRTOS course/workspace/RTOS_workspace/common/ThirdParty/FreeRTOS/portable/GCC/ARM_CM4F" -I"C:/Users/Fam. Landeros Franco/Desktop/Embedded Systems/FreeRTOS course/workspace/RTOS_workspace/common/ThirdParty/SEGGER/Config" -I"C:/Users/Fam. Landeros Franco/Desktop/Embedded Systems/FreeRTOS course/workspace/RTOS_workspace/common/ThirdParty/SEGGER/OS" -I"C:/Users/Fam. Landeros Franco/Desktop/Embedded Systems/FreeRTOS course/workspace/RTOS_workspace/common/ThirdParty/SEGGER/SEGGER" -O0 -ffunction-sections -fdata-sections -Wall -fstack-usage -MMD -MP -MF"common/ThirdParty/FreeRTOS/portable/GCC/ARM_CM4F/port.d" -MT"common/ThirdParty/FreeRTOS/portable/GCC/ARM_CM4F/port.o" --specs=nano.specs -mfpu=fpv4-sp-d16 -mfloat-abi=hard -mthumb -o "common/ThirdParty/FreeRTOS/portable/GCC/ARM_CM4F/port.o"
arm-none-eabi-gcc "C:/Users/Fam. Landeros Franco/Desktop/Embedded Systems/FreeRTOS course/workspace/RTOS_workspace/common/ThirdParty/FreeRTOS/croutine.c" -mcpu=cortex-m4 -std=gnu11 -g3 -DDEBUG -DUSE_HAL_DRIVER -DSTM32F446xx -c -I../Core/Inc -I../Drivers/STM32F4xx_HAL_Driver/Inc -I../Drivers/STM32F4xx_HAL_Driver/Inc/Legacy -I../Drivers/CMSIS/Device/ST/STM32F4xx/Include -I../Drivers/CMSIS/Include -I"C:/Users/Fam. Landeros Franco/Desktop/Embedded Systems/FreeRTOS course/workspace/RTOS_workspace/common/ThirdParty/FreeRTOS/include" -I"C:/Users/Fam. Landeros Franco/Desktop/Embedded Systems/FreeRTOS course/workspace/RTOS_workspace/common/ThirdParty/FreeRTOS/portable/GCC/ARM_CM4F" -I"C:/Users/Fam. Landeros Franco/Desktop/Embedded Systems/FreeRTOS course/workspace/RTOS_workspace/common/ThirdParty/SEGGER/Config" -I"C:/Users/Fam. Landeros Franco/Desktop/Embedded Systems/FreeRTOS course/workspace/RTOS_workspace/common/ThirdParty/SEGGER/OS" -I"C:/Users/Fam. Landeros Franco/Desktop/Embedded Systems/FreeRTOS course/workspace/RTOS_workspace/common/ThirdParty/SEGGER/SEGGER" -O0 -ffunction-sections -fdata-sections -Wall -fstack-usage -MMD -MP -MF"common/ThirdParty/FreeRTOS/croutine.d" -MT"common/ThirdParty/FreeRTOS/croutine.o" --specs=nano.specs -mfpu=fpv4-sp-d16 -mfloat-abi=hard -mthumb -o "common/ThirdParty/FreeRTOS/croutine.o"
arm-none-eabi-gcc "C:/Users/Fam. Landeros Franco/Desktop/Embedded Systems/FreeRTOS course/workspace/RTOS_workspace/common/ThirdParty/FreeRTOS/event_groups.c" -mcpu=cortex-m4 -std=gnu11 -g3 -DDEBUG -DUSE_HAL_DRIVER -DSTM32F446xx -c -I../Core/Inc -I../Drivers/STM32F4xx_HAL_Driver/Inc -I../Drivers/STM32F4xx_HAL_Driver/Inc/Legacy -I../Drivers/CMSIS/Device/ST/STM32F4xx/Include -I../Drivers/CMSIS/Include -I"C:/Users/Fam. Landeros Franco/Desktop/Embedded Systems/FreeRTOS course/workspace/RTOS_workspace/common/ThirdParty/FreeRTOS/include" -I"C:/Users/Fam. Landeros Franco/Desktop/Embedded Systems/FreeRTOS course/workspace/RTOS_workspace/common/ThirdParty/FreeRTOS/portable/GCC/ARM_CM4F" -I"C:/Users/Fam. Landeros Franco/Desktop/Embedded Systems/FreeRTOS course/workspace/RTOS_workspace/common/ThirdParty/SEGGER/Config" -I"C:/Users/Fam. Landeros Franco/Desktop/Embedded Systems/FreeRTOS course/workspace/RTOS_workspace/common/ThirdParty/SEGGER/OS" -I"C:/Users/Fam. Landeros Franco/Desktop/Embedded Systems/FreeRTOS course/workspace/RTOS_workspace/common/ThirdParty/SEGGER/SEGGER" -O0 -ffunction-sections -fdata-sections -Wall -fstack-usage -MMD -MP -MF"common/ThirdParty/FreeRTOS/event_groups.d" -MT"common/ThirdParty/FreeRTOS/event_groups.o" --specs=nano.specs -mfpu=fpv4-sp-d16 -mfloat-abi=hard -mthumb -o "common/ThirdParty/FreeRTOS/event_groups.o"
arm-none-eabi-gcc "C:/Users/Fam. Landeros Franco/Desktop/Embedded Systems/FreeRTOS course/workspace/RTOS_workspace/common/ThirdParty/FreeRTOS/list.c" -mcpu=cortex-m4 -std=gnu11 -g3 -DDEBUG -DUSE_HAL_DRIVER -DSTM32F446xx -c -I../Core/Inc -I../Drivers/STM32F4xx_HAL_Driver/Inc -I../Drivers/STM32F4xx_HAL_Driver/Inc/Legacy -I../Drivers/CMSIS/Device/ST/STM32F4xx/Include -I../Drivers/CMSIS/Include -I"C:/Users/Fam. Landeros Franco/Desktop/Embedded Systems/FreeRTOS course/workspace/RTOS_workspace/common/ThirdParty/FreeRTOS/include" -I"C:/Users/Fam. Landeros Franco/Desktop/Embedded Systems/FreeRTOS course/workspace/RTOS_workspace/common/ThirdParty/FreeRTOS/portable/GCC/ARM_CM4F" -I"C:/Users/Fam. Landeros Franco/Desktop/Embedded Systems/FreeRTOS course/workspace/RTOS_workspace/common/ThirdParty/SEGGER/Config" -I"C:/Users/Fam. Landeros Franco/Desktop/Embedded Systems/FreeRTOS course/workspace/RTOS_workspace/common/ThirdParty/SEGGER/OS" -I"C:/Users/Fam. Landeros Franco/Desktop/Embedded Systems/FreeRTOS course/workspace/RTOS_workspace/common/ThirdParty/SEGGER/SEGGER" -O0 -ffunction-sections -fdata-sections -Wall -fstack-usage -MMD -MP -MF"common/ThirdParty/FreeRTOS/list.d" -MT"common/ThirdParty/FreeRTOS/list.o" --specs=nano.specs -mfpu=fpv4-sp-d16 -mfloat-abi=hard -mthumb -o "common/ThirdParty/FreeRTOS/list.o"
arm-none-eabi-gcc "C:/Users/Fam. Landeros Franco/Desktop/Embedded Systems/FreeRTOS course/workspace/RTOS_workspace/common/ThirdParty/FreeRTOS/queue.c" -mcpu=cortex-m4 -std=gnu11 -g3 -DDEBUG -DUSE_HAL_DRIVER -DSTM32F446xx -c -I../Core/Inc -I../Drivers/STM32F4xx_HAL_Driver/Inc -I../Drivers/STM32F4xx_HAL_Driver/Inc/Legacy -I../Drivers/CMSIS/Device/ST/STM32F4xx/Include -I../Drivers/CMSIS/Include -I"C:/Users/Fam. Landeros Franco/Desktop/Embedded Systems/FreeRTOS course/workspace/RTOS_workspace/common/ThirdParty/FreeRTOS/include" -I"C:/Users/Fam. Landeros Franco/Desktop/Embedded Systems/FreeRTOS course/workspace/RTOS_workspace/common/ThirdParty/FreeRTOS/portable/GCC/ARM_CM4F" -I"C:/Users/Fam. Landeros Franco/Desktop/Embedded Systems/FreeRTOS course/workspace/RTOS_workspace/common/ThirdParty/SEGGER/Config" -I"C:/Users/Fam. Landeros Franco/Desktop/Embedded Systems/FreeRTOS course/workspace/RTOS_workspace/common/ThirdParty/SEGGER/OS" -I"C:/Users/Fam. Landeros Franco/Desktop/Embedded Systems/FreeRTOS course/workspace/RTOS_workspace/common/ThirdParty/SEGGER/SEGGER" -O0 -ffunction-sections -fdata-sections -Wall -fstack-usage -MMD -MP -MF"common/ThirdParty/FreeRTOS/queue.d" -MT"common/ThirdParty/FreeRTOS/queue.o" --specs=nano.specs -mfpu=fpv4-sp-d16 -mfloat-abi=hard -mthumb -o "common/ThirdParty/FreeRTOS/queue.o"
arm-none-eabi-gcc "C:/Users/Fam. Landeros Franco/Desktop/Embedded Systems/FreeRTOS course/workspace/RTOS_workspace/common/ThirdParty/FreeRTOS/stream_buffer.c" -mcpu=cortex-m4 -std=gnu11 -g3 -DDEBUG -DUSE_HAL_DRIVER -DSTM32F446xx -c -I../Core/Inc -I../Drivers/STM32F4xx_HAL_Driver/Inc -I../Drivers/STM32F4xx_HAL_Driver/Inc/Legacy -I../Drivers/CMSIS/Device/ST/STM32F4xx/Include -I../Drivers/CMSIS/Include -I"C:/Users/Fam. Landeros Franco/Desktop/Embedded Systems/FreeRTOS course/workspace/RTOS_workspace/common/ThirdParty/FreeRTOS/include" -I"C:/Users/Fam. Landeros Franco/Desktop/Embedded Systems/FreeRTOS course/workspace/RTOS_workspace/common/ThirdParty/FreeRTOS/portable/GCC/ARM_CM4F" -I"C:/Users/Fam. Landeros Franco/Desktop/Embedded Systems/FreeRTOS course/workspace/RTOS_workspace/common/ThirdParty/SEGGER/Config" -I"C:/Users/Fam. Landeros Franco/Desktop/Embedded Systems/FreeRTOS course/workspace/RTOS_workspace/common/ThirdParty/SEGGER/OS" -I"C:/Users/Fam. Landeros Franco/Desktop/Embedded Systems/FreeRTOS course/workspace/RTOS_workspace/common/ThirdParty/SEGGER/SEGGER" -O0 -ffunction-sections -fdata-sections -Wall -fstack-usage -MMD -MP -MF"common/ThirdParty/FreeRTOS/stream_buffer.d" -MT"common/ThirdParty/FreeRTOS/stream_buffer.o" --specs=nano.specs -mfpu=fpv4-sp-d16 -mfloat-abi=hard -mthumb -o "common/ThirdParty/FreeRTOS/stream_buffer.o"
arm-none-eabi-gcc "C:/Users/Fam. Landeros Franco/Desktop/Embedded Systems/FreeRTOS course/workspace/RTOS_workspace/common/ThirdParty/FreeRTOS/tasks.c" -mcpu=cortex-m4 -std=gnu11 -g3 -DDEBUG -DUSE_HAL_DRIVER -DSTM32F446xx -c -I../Core/Inc -I../Drivers/STM32F4xx_HAL_Driver/Inc -I../Drivers/STM32F4xx_HAL_Driver/Inc/Legacy -I../Drivers/CMSIS/Device/ST/STM32F4xx/Include -I../Drivers/CMSIS/Include -I"C:/Users/Fam. Landeros Franco/Desktop/Embedded Systems/FreeRTOS course/workspace/RTOS_workspace/common/ThirdParty/FreeRTOS/include" -I"C:/Users/Fam. Landeros Franco/Desktop/Embedded Systems/FreeRTOS course/workspace/RTOS_workspace/common/ThirdParty/FreeRTOS/portable/GCC/ARM_CM4F" -I"C:/Users/Fam. Landeros Franco/Desktop/Embedded Systems/FreeRTOS course/workspace/RTOS_workspace/common/ThirdParty/SEGGER/Config" -I"C:/Users/Fam. Landeros Franco/Desktop/Embedded Systems/FreeRTOS course/workspace/RTOS_workspace/common/ThirdParty/SEGGER/OS" -I"C:/Users/Fam. Landeros Franco/Desktop/Embedded Systems/FreeRTOS course/workspace/RTOS_workspace/common/ThirdParty/SEGGER/SEGGER" -O0 -ffunction-sections -fdata-sections -Wall -fstack-usage -MMD -MP -MF"common/ThirdParty/FreeRTOS/tasks.d" -MT"common/ThirdParty/FreeRTOS/tasks.o" --specs=nano.specs -mfpu=fpv4-sp-d16 -mfloat-abi=hard -mthumb -o "common/ThirdParty/FreeRTOS/tasks.o"
arm-none-eabi-gcc "C:/Users/Fam. Landeros Franco/Desktop/Embedded Systems/FreeRTOS course/workspace/RTOS_workspace/common/ThirdParty/FreeRTOS/timers.c" -mcpu=cortex-m4 -std=gnu11 -g3 -DDEBUG -DUSE_HAL_DRIVER -DSTM32F446xx -c -I../Core/Inc -I../Drivers/STM32F4xx_HAL_Driver/Inc -I../Drivers/STM32F4xx_HAL_Driver/Inc/Legacy -I../Drivers/CMSIS/Device/ST/STM32F4xx/Include -I../Drivers/CMSIS/Include -I"C:/Users/Fam. Landeros Franco/Desktop/Embedded Systems/FreeRTOS course/workspace/RTOS_workspace/common/ThirdParty/FreeRTOS/include" -I"C:/Users/Fam. Landeros Franco/Desktop/Embedded Systems/FreeRTOS course/workspace/RTOS_workspace/common/ThirdParty/FreeRTOS/portable/GCC/ARM_CM4F" -I"C:/Users/Fam. Landeros Franco/Desktop/Embedded Systems/FreeRTOS course/workspace/RTOS_workspace/common/ThirdParty/SEGGER/Config" -I"C:/Users/Fam. Landeros Franco/Desktop/Embedded Systems/FreeRTOS course/workspace/RTOS_workspace/common/ThirdParty/SEGGER/OS" -I"C:/Users/Fam. Landeros Franco/Desktop/Embedded Systems/FreeRTOS course/workspace/RTOS_workspace/common/ThirdParty/SEGGER/SEGGER" -O0 -ffunction-sections -fdata-sections -Wall -fstack-usage -MMD -MP -MF"common/ThirdParty/FreeRTOS/timers.d" -MT"common/ThirdParty/FreeRTOS/timers.o" --specs=nano.specs -mfpu=fpv4-sp-d16 -mfloat-abi=hard -mthumb -o "common/ThirdParty/FreeRTOS/timers.o"
C:/Users/Fam. Landeros Franco/Desktop/Embedded Systems/FreeRTOS course/workspace/RTOS_workspace/common/ThirdParty/FreeRTOS/tasks.c: In function 'vTaskPrioritySet':
C:/Users/Fam. Landeros Franco/Desktop/Embedded Systems/FreeRTOS course/workspace/RTOS_workspace/common/ThirdParty/FreeRTOS/tasks.c:1687:6: warning: implicit declaration of function 'prvReaddTaskToReadyList'; did you mean 'prvAddTaskToReadyList'? [-Wimplicit-function-declaration]
 1687 |      prvReaddTaskToReadyList( pxTCB );
      |      ^~~~~~~~~~~~~~~~~~~~~~~
      |      prvAddTaskToReadyList
arm-none-eabi-gcc "../Core/Src/main.c" -mcpu=cortex-m4 -std=gnu11 -g3 -DDEBUG -DUSE_HAL_DRIVER -DSTM32F446xx -c -I../Core/Inc -I../Drivers/STM32F4xx_HAL_Driver/Inc -I../Drivers/STM32F4xx_HAL_Driver/Inc/Legacy -I../Drivers/CMSIS/Device/ST/STM32F4xx/Include -I../Drivers/CMSIS/Include -I"C:/Users/Fam. Landeros Franco/Desktop/Embedded Systems/FreeRTOS course/workspace/RTOS_workspace/common/ThirdParty/FreeRTOS/include" -I"C:/Users/Fam. Landeros Franco/Desktop/Embedded Systems/FreeRTOS course/workspace/RTOS_workspace/common/ThirdParty/FreeRTOS/portable/GCC/ARM_CM4F" -I"C:/Users/Fam. Landeros Franco/Desktop/Embedded Systems/FreeRTOS course/workspace/RTOS_workspace/common/ThirdParty/SEGGER/Config" -I"C:/Users/Fam. Landeros Franco/Desktop/Embedded Systems/FreeRTOS course/workspace/RTOS_workspace/common/ThirdParty/SEGGER/OS" -I"C:/Users/Fam. Landeros Franco/Desktop/Embedded Systems/FreeRTOS course/workspace/RTOS_workspace/common/ThirdParty/SEGGER/SEGGER" -O0 -ffunction-sections -fdata-sections -Wall -fstack-usage -MMD -MP -MF"Core/Src/main.d" -MT"Core/Src/main.o" --specs=nano.specs -mfpu=fpv4-sp-d16 -mfloat-abi=hard -mthumb -o "Core/Src/main.o"
arm-none-eabi-gcc "../Core/Src/stm32f4xx_hal_msp.c" -mcpu=cortex-m4 -std=gnu11 -g3 -DDEBUG -DUSE_HAL_DRIVER -DSTM32F446xx -c -I../Core/Inc -I../Drivers/STM32F4xx_HAL_Driver/Inc -I../Drivers/STM32F4xx_HAL_Driver/Inc/Legacy -I../Drivers/CMSIS/Device/ST/STM32F4xx/Include -I../Drivers/CMSIS/Include -I"C:/Users/Fam. Landeros Franco/Desktop/Embedded Systems/FreeRTOS course/workspace/RTOS_workspace/common/ThirdParty/FreeRTOS/include" -I"C:/Users/Fam. Landeros Franco/Desktop/Embedded Systems/FreeRTOS course/workspace/RTOS_workspace/common/ThirdParty/FreeRTOS/portable/GCC/ARM_CM4F" -I"C:/Users/Fam. Landeros Franco/Desktop/Embedded Systems/FreeRTOS course/workspace/RTOS_workspace/common/ThirdParty/SEGGER/Config" -I"C:/Users/Fam. Landeros Franco/Desktop/Embedded Systems/FreeRTOS course/workspace/RTOS_workspace/common/ThirdParty/SEGGER/OS" -I"C:/Users/Fam. Landeros Franco/Desktop/Embedded Systems/FreeRTOS course/workspace/RTOS_workspace/common/ThirdParty/SEGGER/SEGGER" -O0 -ffunction-sections -fdata-sections -Wall -fstack-usage -MMD -MP -MF"Core/Src/stm32f4xx_hal_msp.d" -MT"Core/Src/stm32f4xx_hal_msp.o" --specs=nano.specs -mfpu=fpv4-sp-d16 -mfloat-abi=hard -mthumb -o "Core/Src/stm32f4xx_hal_msp.o"
arm-none-eabi-gcc -o "002LED_Tasks.elf" @"objects.list"   -mcpu=cortex-m4 -T"C:\Users\Fam. Landeros Franco\Desktop\Embedded Systems\FreeRTOS course\workspace\RTOS_workspace\002LED_Tasks\STM32F446RETX_FLASH.ld" --specs=nosys.specs -Wl,-Map="002LED_Tasks.map" -Wl,--gc-sections -static --specs=nano.specs -mfpu=fpv4-sp-d16 -mfloat-abi=hard -mthumb -Wl,--start-group -lc -lm -Wl,--end-group
Finished building target: 002LED_Tasks.elf
 
arm-none-eabi-size   002LED_Tasks.elf 
arm-none-eabi-objdump -h -S  002LED_Tasks.elf  > "002LED_Tasks.list"
arm-none-eabi-objcopy  -O binary  002LED_Tasks.elf  "002LED_Tasks.bin"
   text	   data	    bss	    dec	    hex	filename
  19152	     28	  80396	  99576	  184f8	002LED_Tasks.elf
Finished building: default.size.stdout
 
Finished building: 002LED_Tasks.bin
 
Finished building: 002LED_Tasks.list
 

02:07:41 Build Finished. 0 errors, 1 warnings. (took 7s.990ms)

