16:37:02 **** Incremental Build of configuration Debug for project 008Queue_n_Timer ****
make -j4 all 
arm-none-eabi-gcc "../Core/Src/task_handler.c" -mcpu=cortex-m4 -std=gnu11 -g3 -DDEBUG -DUSE_HAL_DRIVER -DSTM32F446xx -c -I../Core/Inc -I../Drivers/STM32F4xx_HAL_Driver/Inc -I../Drivers/STM32F4xx_HAL_Driver/Inc/Legacy -I../Drivers/CMSIS/Device/ST/STM32F4xx/Include -I../Drivers/CMSIS/Include -I"C:/Users/Fam. Landeros Franco/Desktop/Embedded Systems/FreeRTOS course/workspace/RTOS_workspace/common/ThirdParty/FreeRTOS/include" -I"C:/Users/Fam. Landeros Franco/Desktop/Embedded Systems/FreeRTOS course/workspace/RTOS_workspace/common/ThirdParty/FreeRTOS/portable/GCC/ARM_CM4F" -I"C:/Users/Fam. Landeros Franco/Desktop/Embedded Systems/FreeRTOS course/workspace/RTOS_workspace/common/ThirdParty/SEGGER/Config" -I"C:/Users/Fam. Landeros Franco/Desktop/Embedded Systems/FreeRTOS course/workspace/RTOS_workspace/common/ThirdParty/SEGGER/OS" -I"C:/Users/Fam. Landeros Franco/Desktop/Embedded Systems/FreeRTOS course/workspace/RTOS_workspace/common/ThirdParty/SEGGER/SEGGER" -O0 -ffunction-sections -fdata-sections -Wall -fstack-usage -MMD -MP -MF"Core/Src/task_handler.d" -MT"Core/Src/task_handler.o" --specs=nano.specs -mfpu=fpv4-sp-d16 -mfloat-abi=hard -mthumb -o "Core/Src/task_handler.o"
../Core/Src/task_handler.c: In function 'rtc_task':
../Core/Src/task_handler.c:205:4: warning: enumeration value 'sMainMenu' not handled in switch [-Wswitch]
  205 |    switch(current_state)
      |    ^~~~~~
../Core/Src/task_handler.c:205:4: warning: enumeration value 'sLedEffect' not handled in switch [-Wswitch]
arm-none-eabi-gcc -o "008Queue_n_Timer.elf" @"objects.list"   -mcpu=cortex-m4 -T"C:\Users\Fam. Landeros Franco\Desktop\Embedded Systems\FreeRTOS course\workspace\RTOS_workspace\008Queue_n_Timer\STM32F446RETX_FLASH.ld" --specs=nosys.specs -Wl,-Map="008Queue_n_Timer.map" -Wl,--gc-sections -static --specs=nano.specs -mfpu=fpv4-sp-d16 -mfloat-abi=hard -mthumb -Wl,--start-group -lc -lm -Wl,--end-group
Finished building target: 008Queue_n_Timer.elf
 
arm-none-eabi-size   008Queue_n_Timer.elf 
arm-none-eabi-objdump -h -S  008Queue_n_Timer.elf  > "008Queue_n_Timer.list"
arm-none-eabi-objcopy  -O binary  008Queue_n_Timer.elf  "008Queue_n_Timer.bin"
   text	   data	    bss	    dec	    hex	filename
  35308	    148	  79140	 114596	  1bfa4	008Queue_n_Timer.elf
Finished building: default.size.stdout
 
Finished building: 008Queue_n_Timer.bin
 
Finished building: 008Queue_n_Timer.list
 
16:39:15 **** Incremental Build of configuration Debug for project 008Queue_n_Timer ****
make -j4 all 
arm-none-eabi-size   008Queue_n_Timer.elf 
   text	   data	    bss	    dec	    hex	filename
  35308	    148	  79140	 114596	  1bfa4	008Queue_n_Timer.elf
Finished building: default.size.stdout
 
